Archive member included because of file (symbol)

c:/program files (x86)/atmel/avr studio 5.0/avr toolchain/bin/../lib/gcc/avr/4.5.1/avrxmega7\libgcc.a(_exit.o)
                              c:/program files (x86)/atmel/avr studio 5.0/avr toolchain/bin/../lib/gcc/avr/4.5.1/../../../../avr/lib/avrxmega7/crtx128a1.o (exit)
c:/program files (x86)/atmel/avr studio 5.0/avr toolchain/bin/../lib/gcc/avr/4.5.1/avrxmega7\libgcc.a(_copy_data.o)
                              estop.o (__do_copy_data)
c:/program files (x86)/atmel/avr studio 5.0/avr toolchain/bin/../lib/gcc/avr/4.5.1/avrxmega7\libgcc.a(_fixunssfsi.o)
                              estop.o (__fixunssfsi)
c:/program files (x86)/atmel/avr studio 5.0/avr toolchain/bin/../lib/gcc/avr/4.5.1/avrxmega7\libgcc.a(_addsub_sf.o)
                              c:/program files (x86)/atmel/avr studio 5.0/avr toolchain/bin/../lib/gcc/avr/4.5.1/avrxmega7\libgcc.a(_fixunssfsi.o) (__subsf3)
c:/program files (x86)/atmel/avr studio 5.0/avr toolchain/bin/../lib/gcc/avr/4.5.1/avrxmega7\libgcc.a(_mul_sf.o)
                              estop.o (__mulsf3)
c:/program files (x86)/atmel/avr studio 5.0/avr toolchain/bin/../lib/gcc/avr/4.5.1/avrxmega7\libgcc.a(_gt_sf.o)
                              estop.o (__gtsf2)
c:/program files (x86)/atmel/avr studio 5.0/avr toolchain/bin/../lib/gcc/avr/4.5.1/avrxmega7\libgcc.a(_ge_sf.o)
                              c:/program files (x86)/atmel/avr studio 5.0/avr toolchain/bin/../lib/gcc/avr/4.5.1/avrxmega7\libgcc.a(_fixunssfsi.o) (__gesf2)
c:/program files (x86)/atmel/avr studio 5.0/avr toolchain/bin/../lib/gcc/avr/4.5.1/avrxmega7\libgcc.a(_lt_sf.o)
                              estop.o (__ltsf2)
c:/program files (x86)/atmel/avr studio 5.0/avr toolchain/bin/../lib/gcc/avr/4.5.1/avrxmega7\libgcc.a(_sf_to_si.o)
                              c:/program files (x86)/atmel/avr studio 5.0/avr toolchain/bin/../lib/gcc/avr/4.5.1/avrxmega7\libgcc.a(_fixunssfsi.o) (__fixsfsi)
c:/program files (x86)/atmel/avr studio 5.0/avr toolchain/bin/../lib/gcc/avr/4.5.1/avrxmega7\libgcc.a(_thenan_sf.o)
                              c:/program files (x86)/atmel/avr studio 5.0/avr toolchain/bin/../lib/gcc/avr/4.5.1/avrxmega7\libgcc.a(_addsub_sf.o) (__thenan_sf)
c:/program files (x86)/atmel/avr studio 5.0/avr toolchain/bin/../lib/gcc/avr/4.5.1/avrxmega7\libgcc.a(_prologue.o)
                              c:/program files (x86)/atmel/avr studio 5.0/avr toolchain/bin/../lib/gcc/avr/4.5.1/avrxmega7\libgcc.a(_addsub_sf.o) (__prologue_saves__)
c:/program files (x86)/atmel/avr studio 5.0/avr toolchain/bin/../lib/gcc/avr/4.5.1/avrxmega7\libgcc.a(_epilogue.o)
                              c:/program files (x86)/atmel/avr studio 5.0/avr toolchain/bin/../lib/gcc/avr/4.5.1/avrxmega7\libgcc.a(_addsub_sf.o) (__epilogue_restores__)
c:/program files (x86)/atmel/avr studio 5.0/avr toolchain/bin/../lib/gcc/avr/4.5.1/avrxmega7\libgcc.a(_pack_sf.o)
                              c:/program files (x86)/atmel/avr studio 5.0/avr toolchain/bin/../lib/gcc/avr/4.5.1/avrxmega7\libgcc.a(_addsub_sf.o) (__pack_f)
c:/program files (x86)/atmel/avr studio 5.0/avr toolchain/bin/../lib/gcc/avr/4.5.1/avrxmega7\libgcc.a(_unpack_sf.o)
                              c:/program files (x86)/atmel/avr studio 5.0/avr toolchain/bin/../lib/gcc/avr/4.5.1/avrxmega7\libgcc.a(_addsub_sf.o) (__unpack_f)
c:/program files (x86)/atmel/avr studio 5.0/avr toolchain/bin/../lib/gcc/avr/4.5.1/avrxmega7\libgcc.a(_fpcmp_parts_sf.o)
                              c:/program files (x86)/atmel/avr studio 5.0/avr toolchain/bin/../lib/gcc/avr/4.5.1/avrxmega7\libgcc.a(_gt_sf.o) (__fpcmp_parts_f)

Memory Configuration

Name             Origin             Length             Attributes
text             0x00000000         0x00100000         xr
data             0x00802000         0x0000ffa0         rw !x
eeprom           0x00810000         0x00010000         rw !x
fuse             0x00820000         0x00000400         rw !x
lock             0x00830000         0x00000400         rw !x
signature        0x00840000         0x00000400         rw !x
*default*        0x00000000         0xffffffff

Linker script and memory map

LOAD c:/program files (x86)/atmel/avr studio 5.0/avr toolchain/bin/../lib/gcc/avr/4.5.1/../../../../avr/lib/avrxmega7/crtx128a1.o
LOAD estop.o
LOAD init.o
LOAD main.o
LOAD motor.o
LOAD c:/program files (x86)/atmel/avr studio 5.0/avr toolchain/bin/../lib/gcc/avr/4.5.1/avrxmega7\libgcc.a
LOAD c:/program files (x86)/atmel/avr studio 5.0/avr toolchain/bin/../lib/gcc/avr/4.5.1/../../../../avr/lib/avrxmega7\libc.a
LOAD c:/program files (x86)/atmel/avr studio 5.0/avr toolchain/bin/../lib/gcc/avr/4.5.1/avrxmega7\libgcc.a

.hash
 *(.hash)

.dynsym
 *(.dynsym)

.dynstr
 *(.dynstr)

.gnu.version
 *(.gnu.version)

.gnu.version_d
 *(.gnu.version_d)

.gnu.version_r
 *(.gnu.version_r)

.rel.init
 *(.rel.init)

.rela.init
 *(.rela.init)

.rel.text
 *(.rel.text)
 *(.rel.text.*)
 *(.rel.gnu.linkonce.t*)

.rela.text
 *(.rela.text)
 *(.rela.text.*)
 *(.rela.gnu.linkonce.t*)

.rel.fini
 *(.rel.fini)

.rela.fini
 *(.rela.fini)

.rel.rodata
 *(.rel.rodata)
 *(.rel.rodata.*)
 *(.rel.gnu.linkonce.r*)

.rela.rodata
 *(.rela.rodata)
 *(.rela.rodata.*)
 *(.rela.gnu.linkonce.r*)

.rel.data
 *(.rel.data)
 *(.rel.data.*)
 *(.rel.gnu.linkonce.d*)

.rela.data
 *(.rela.data)
 *(.rela.data.*)
 *(.rela.gnu.linkonce.d*)

.rel.ctors
 *(.rel.ctors)

.rela.ctors
 *(.rela.ctors)

.rel.dtors
 *(.rel.dtors)

.rela.dtors
 *(.rela.dtors)

.rel.got
 *(.rel.got)

.rela.got
 *(.rela.got)

.rel.bss
 *(.rel.bss)

.rela.bss
 *(.rela.bss)

.rel.plt
 *(.rel.plt)

.rela.plt
 *(.rela.plt)

.text           0x00000000     0x13e6
 *(.vectors)
 .vectors       0x00000000      0x1f4 c:/program files (x86)/atmel/avr studio 5.0/avr toolchain/bin/../lib/gcc/avr/4.5.1/../../../../avr/lib/avrxmega7/crtx128a1.o
                0x00000000                __vector_default
                0x00000000                __vectors
 *(.vectors)
 *(.progmem.gcc*)
 *(.progmem*)
                0x000001f4                . = ALIGN (0x2)
                0x000001f4                __trampolines_start = .
 *(.trampolines)
 .trampolines   0x000001f4        0x0 linker stubs
 *(.trampolines*)
                0x000001f4                __trampolines_end = .
 *(.jumptables)
 *(.jumptables*)
 *(.lowtext)
 *(.lowtext*)
                0x000001f4                __ctors_start = .
 *(.ctors)
                0x000001f4                __ctors_end = .
                0x000001f4                __dtors_start = .
 *(.dtors)
                0x000001f4                __dtors_end = .
 SORT(*)(.ctors)
 SORT(*)(.dtors)
 *(.init0)
 .init0         0x000001f4        0x0 c:/program files (x86)/atmel/avr studio 5.0/avr toolchain/bin/../lib/gcc/avr/4.5.1/../../../../avr/lib/avrxmega7/crtx128a1.o
                0x000001f4                __init
 *(.init0)
 *(.init1)
 *(.init1)
 *(.init2)
 .init2         0x000001f4       0x18 c:/program files (x86)/atmel/avr studio 5.0/avr toolchain/bin/../lib/gcc/avr/4.5.1/../../../../avr/lib/avrxmega7/crtx128a1.o
 *(.init2)
 *(.init3)
 *(.init3)
 *(.init4)
 .init4         0x0000020c       0x1a c:/program files (x86)/atmel/avr studio 5.0/avr toolchain/bin/../lib/gcc/avr/4.5.1/avrxmega7\libgcc.a(_copy_data.o)
                0x0000020c                __do_copy_data
 *(.init4)
 *(.init5)
 *(.init5)
 *(.init6)
 *(.init6)
 *(.init7)
 *(.init7)
 *(.init8)
 *(.init8)
 *(.init9)
 .init9         0x00000226        0x8 c:/program files (x86)/atmel/avr studio 5.0/avr toolchain/bin/../lib/gcc/avr/4.5.1/../../../../avr/lib/avrxmega7/crtx128a1.o
 *(.init9)
 *(.text)
 .text          0x0000022e        0x4 c:/program files (x86)/atmel/avr studio 5.0/avr toolchain/bin/../lib/gcc/avr/4.5.1/../../../../avr/lib/avrxmega7/crtx128a1.o
                0x0000022e                __vector_38
                0x0000022e                __vector_22
                0x0000022e                __vector_63
                0x0000022e                __vector_28
                0x0000022e                __vector_67
                0x0000022e                __vector_1
                0x0000022e                __vector_119
                0x0000022e                __vector_32
                0x0000022e                __vector_75
                0x0000022e                __vector_71
                0x0000022e                __vector_91
                0x0000022e                __vector_34
                0x0000022e                __vector_62
                0x0000022e                __vector_77
                0x0000022e                __vector_102
                0x0000022e                __vector_24
                0x0000022e                __vector_12
                0x0000022e                __vector_55
                0x0000022e                __vector_69
                0x0000022e                __vector_81
                0x0000022e                __vector_90
                0x0000022e                __vector_46
                0x0000022e                __bad_interrupt
                0x0000022e                __vector_122
                0x0000022e                __vector_72
                0x0000022e                __vector_114
                0x0000022e                __vector_6
                0x0000022e                __vector_110
                0x0000022e                __vector_31
                0x0000022e                __vector_92
                0x0000022e                __vector_35
                0x0000022e                __vector_78
                0x0000022e                __vector_74
                0x0000022e                __vector_117
                0x0000022e                __vector_39
                0x0000022e                __vector_107
                0x0000022e                __vector_3
                0x0000022e                __vector_105
                0x0000022e                __vector_98
                0x0000022e                __vector_23
                0x0000022e                __vector_68
                0x0000022e                __vector_30
                0x0000022e                __vector_73
                0x0000022e                __vector_45
                0x0000022e                __vector_25
                0x0000022e                __vector_93
                0x0000022e                __vector_61
                0x0000022e                __vector_11
                0x0000022e                __vector_54
                0x0000022e                __vector_99
                0x0000022e                __vector_13
                0x0000022e                __vector_17
                0x0000022e                __vector_19
                0x0000022e                __vector_56
                0x0000022e                __vector_7
                0x0000022e                __vector_49
                0x0000022e                __vector_123
                0x0000022e                __vector_41
                0x0000022e                __vector_86
                0x0000022e                __vector_100
                0x0000022e                __vector_101
                0x0000022e                __vector_64
                0x0000022e                __vector_88
                0x0000022e                __vector_109
                0x0000022e                __vector_43
                0x0000022e                __vector_27
                0x0000022e                __vector_5
                0x0000022e                __vector_113
                0x0000022e                __vector_33
                0x0000022e                __vector_76
                0x0000022e                __vector_115
                0x0000022e                __vector_47
                0x0000022e                __vector_52
                0x0000022e                __vector_37
                0x0000022e                __vector_95
                0x0000022e                __vector_103
                0x0000022e                __vector_96
                0x0000022e                __vector_89
                0x0000022e                __vector_108
                0x0000022e                __vector_4
                0x0000022e                __vector_44
                0x0000022e                __vector_82
                0x0000022e                __vector_106
                0x0000022e                __vector_118
                0x0000022e                __vector_51
                0x0000022e                __vector_9
                0x0000022e                __vector_2
                0x0000022e                __vector_21
                0x0000022e                __vector_15
                0x0000022e                __vector_66
                0x0000022e                __vector_36
                0x0000022e                __vector_79
                0x0000022e                __vector_58
                0x0000022e                __vector_70
                0x0000022e                __vector_83
                0x0000022e                __vector_29
                0x0000022e                __vector_60
                0x0000022e                __vector_121
                0x0000022e                __vector_40
                0x0000022e                __vector_85
                0x0000022e                __vector_94
                0x0000022e                __vector_8
                0x0000022e                __vector_26
                0x0000022e                __vector_48
                0x0000022e                __vector_124
                0x0000022e                __vector_116
                0x0000022e                __vector_112
                0x0000022e                __vector_111
                0x0000022e                __vector_80
                0x0000022e                __vector_14
                0x0000022e                __vector_84
                0x0000022e                __vector_57
                0x0000022e                __vector_53
                0x0000022e                __vector_10
                0x0000022e                __vector_50
                0x0000022e                __vector_16
                0x0000022e                __vector_59
                0x0000022e                __vector_18
                0x0000022e                __vector_97
                0x0000022e                __vector_20
                0x0000022e                __vector_42
                0x0000022e                __vector_87
                0x0000022e                __vector_65
                0x0000022e                __vector_120
 .text          0x00000232      0x1ec estop.o
                0x00000232                estop_init
                0x00000270                __vector_104
 .text          0x0000041e       0x3e init.o
                0x0000041e                init
 .text          0x0000045c      0x262 main.o
                0x0000045c                blink_init
                0x0000047a                main
 .text          0x000006be      0x242 motor.o
                0x000006be                motor_init
                0x00000722                motor_setPWM
                0x0000082c                motor_allOff
                0x00000876                motor_getPWM
 .text          0x00000900        0x0 c:/program files (x86)/atmel/avr studio 5.0/avr toolchain/bin/../lib/gcc/avr/4.5.1/avrxmega7\libgcc.a(_exit.o)
 .text          0x00000900        0x0 c:/program files (x86)/atmel/avr studio 5.0/avr toolchain/bin/../lib/gcc/avr/4.5.1/avrxmega7\libgcc.a(_copy_data.o)
 .text          0x00000900       0x58 c:/program files (x86)/atmel/avr studio 5.0/avr toolchain/bin/../lib/gcc/avr/4.5.1/avrxmega7\libgcc.a(_fixunssfsi.o)
                0x00000900                __fixunssfsi
 .text          0x00000958      0x350 c:/program files (x86)/atmel/avr studio 5.0/avr toolchain/bin/../lib/gcc/avr/4.5.1/avrxmega7\libgcc.a(_addsub_sf.o)
                0x00000bec                __addsf3
                0x00000c46                __subsf3
 .text          0x00000ca8      0x1f4 c:/program files (x86)/atmel/avr studio 5.0/avr toolchain/bin/../lib/gcc/avr/4.5.1/avrxmega7\libgcc.a(_mul_sf.o)
                0x00000ca8                __mulsf3
 .text          0x00000e9c       0x60 c:/program files (x86)/atmel/avr studio 5.0/avr toolchain/bin/../lib/gcc/avr/4.5.1/avrxmega7\libgcc.a(_gt_sf.o)
                0x00000e9c                __gtsf2
 .text          0x00000efc       0x60 c:/program files (x86)/atmel/avr studio 5.0/avr toolchain/bin/../lib/gcc/avr/4.5.1/avrxmega7\libgcc.a(_ge_sf.o)
                0x00000efc                __gesf2
 .text          0x00000f5c       0x60 c:/program files (x86)/atmel/avr studio 5.0/avr toolchain/bin/../lib/gcc/avr/4.5.1/avrxmega7\libgcc.a(_lt_sf.o)
                0x00000f5c                __ltsf2
 .text          0x00000fbc       0xa4 c:/program files (x86)/atmel/avr studio 5.0/avr toolchain/bin/../lib/gcc/avr/4.5.1/avrxmega7\libgcc.a(_sf_to_si.o)
                0x00000fbc                __fixsfsi
 .text          0x00001060        0x0 c:/program files (x86)/atmel/avr studio 5.0/avr toolchain/bin/../lib/gcc/avr/4.5.1/avrxmega7\libgcc.a(_thenan_sf.o)
 .text          0x00001060        0x0 c:/program files (x86)/atmel/avr studio 5.0/avr toolchain/bin/../lib/gcc/avr/4.5.1/avrxmega7\libgcc.a(_prologue.o)
 .text          0x00001060        0x0 c:/program files (x86)/atmel/avr studio 5.0/avr toolchain/bin/../lib/gcc/avr/4.5.1/avrxmega7\libgcc.a(_epilogue.o)
 .text          0x00001060      0x19c c:/program files (x86)/atmel/avr studio 5.0/avr toolchain/bin/../lib/gcc/avr/4.5.1/avrxmega7\libgcc.a(_pack_sf.o)
                0x00001060                __pack_f
 .text          0x000011fc       0xd2 c:/program files (x86)/atmel/avr studio 5.0/avr toolchain/bin/../lib/gcc/avr/4.5.1/avrxmega7\libgcc.a(_unpack_sf.o)
                0x000011fc                __unpack_f
 .text          0x000012ce       0xb2 c:/program files (x86)/atmel/avr studio 5.0/avr toolchain/bin/../lib/gcc/avr/4.5.1/avrxmega7\libgcc.a(_fpcmp_parts_sf.o)
                0x000012ce                __fpcmp_parts_f
                0x00001380                . = ALIGN (0x2)
 *(.text.*)
 .text.libgcc   0x00001380        0x0 c:/program files (x86)/atmel/avr studio 5.0/avr toolchain/bin/../lib/gcc/avr/4.5.1/avrxmega7\libgcc.a(_exit.o)
 .text.libgcc   0x00001380        0x0 c:/program files (x86)/atmel/avr studio 5.0/avr toolchain/bin/../lib/gcc/avr/4.5.1/avrxmega7\libgcc.a(_copy_data.o)
 .text.libgcc   0x00001380       0x32 c:/program files (x86)/atmel/avr studio 5.0/avr toolchain/bin/../lib/gcc/avr/4.5.1/avrxmega7\libgcc.a(_prologue.o)
                0x00001380                __prologue_saves__
 .text.libgcc   0x000013b2       0x30 c:/program files (x86)/atmel/avr studio 5.0/avr toolchain/bin/../lib/gcc/avr/4.5.1/avrxmega7\libgcc.a(_epilogue.o)
                0x000013b2                __epilogue_restores__
                0x000013e2                . = ALIGN (0x2)
 *(.fini9)
 .fini9         0x000013e2        0x0 c:/program files (x86)/atmel/avr studio 5.0/avr toolchain/bin/../lib/gcc/avr/4.5.1/avrxmega7\libgcc.a(_exit.o)
                0x000013e2                _exit
                0x000013e2                exit
 *(.fini9)
 *(.fini8)
 *(.fini8)
 *(.fini7)
 *(.fini7)
 *(.fini6)
 *(.fini6)
 *(.fini5)
 *(.fini5)
 *(.fini4)
 *(.fini4)
 *(.fini3)
 *(.fini3)
 *(.fini2)
 *(.fini2)
 *(.fini1)
 *(.fini1)
 *(.fini0)
 .fini0         0x000013e2        0x4 c:/program files (x86)/atmel/avr studio 5.0/avr toolchain/bin/../lib/gcc/avr/4.5.1/avrxmega7\libgcc.a(_exit.o)
 *(.fini0)
                0x000013e6                _etext = .

.data           0x00802000       0x1c load address 0x000013e6
                0x00802000                PROVIDE (__data_start, .)
 *(.data)
 .data          0x00802000        0x0 c:/program files (x86)/atmel/avr studio 5.0/avr toolchain/bin/../lib/gcc/avr/4.5.1/../../../../avr/lib/avrxmega7/crtx128a1.o
 .data          0x00802000        0x2 estop.o
 .data          0x00802002        0x0 init.o
 .data          0x00802002        0x6 main.o
 .data          0x00802008        0xc motor.o
 .data          0x00802014        0x0 c:/program files (x86)/atmel/avr studio 5.0/avr toolchain/bin/../lib/gcc/avr/4.5.1/avrxmega7\libgcc.a(_exit.o)
 .data          0x00802014        0x0 c:/program files (x86)/atmel/avr studio 5.0/avr toolchain/bin/../lib/gcc/avr/4.5.1/avrxmega7\libgcc.a(_copy_data.o)
 .data          0x00802014        0x0 c:/program files (x86)/atmel/avr studio 5.0/avr toolchain/bin/../lib/gcc/avr/4.5.1/avrxmega7\libgcc.a(_fixunssfsi.o)
 .data          0x00802014        0x0 c:/program files (x86)/atmel/avr studio 5.0/avr toolchain/bin/../lib/gcc/avr/4.5.1/avrxmega7\libgcc.a(_addsub_sf.o)
 .data          0x00802014        0x0 c:/program files (x86)/atmel/avr studio 5.0/avr toolchain/bin/../lib/gcc/avr/4.5.1/avrxmega7\libgcc.a(_mul_sf.o)
 .data          0x00802014        0x0 c:/program files (x86)/atmel/avr studio 5.0/avr toolchain/bin/../lib/gcc/avr/4.5.1/avrxmega7\libgcc.a(_gt_sf.o)
 .data          0x00802014        0x0 c:/program files (x86)/atmel/avr studio 5.0/avr toolchain/bin/../lib/gcc/avr/4.5.1/avrxmega7\libgcc.a(_ge_sf.o)
 .data          0x00802014        0x0 c:/program files (x86)/atmel/avr studio 5.0/avr toolchain/bin/../lib/gcc/avr/4.5.1/avrxmega7\libgcc.a(_lt_sf.o)
 .data          0x00802014        0x0 c:/program files (x86)/atmel/avr studio 5.0/avr toolchain/bin/../lib/gcc/avr/4.5.1/avrxmega7\libgcc.a(_sf_to_si.o)
 .data          0x00802014        0x8 c:/program files (x86)/atmel/avr studio 5.0/avr toolchain/bin/../lib/gcc/avr/4.5.1/avrxmega7\libgcc.a(_thenan_sf.o)
                0x00802014                __thenan_sf
 .data          0x0080201c        0x0 c:/program files (x86)/atmel/avr studio 5.0/avr toolchain/bin/../lib/gcc/avr/4.5.1/avrxmega7\libgcc.a(_prologue.o)
 .data          0x0080201c        0x0 c:/program files (x86)/atmel/avr studio 5.0/avr toolchain/bin/../lib/gcc/avr/4.5.1/avrxmega7\libgcc.a(_epilogue.o)
 .data          0x0080201c        0x0 c:/program files (x86)/atmel/avr studio 5.0/avr toolchain/bin/../lib/gcc/avr/4.5.1/avrxmega7\libgcc.a(_pack_sf.o)
 .data          0x0080201c        0x0 c:/program files (x86)/atmel/avr studio 5.0/avr toolchain/bin/../lib/gcc/avr/4.5.1/avrxmega7\libgcc.a(_unpack_sf.o)
 .data          0x0080201c        0x0 c:/program files (x86)/atmel/avr studio 5.0/avr toolchain/bin/../lib/gcc/avr/4.5.1/avrxmega7\libgcc.a(_fpcmp_parts_sf.o)
 *(.data*)
 *(.rodata)
 *(.rodata*)
 *(.gnu.linkonce.d*)
                0x0080201c                . = ALIGN (0x2)
                0x0080201c                _edata = .
                0x0080201c                PROVIDE (__data_end, .)

.bss            0x0080201c        0x0
                0x0080201c                PROVIDE (__bss_start, .)
 *(.bss)
 .bss           0x0080201c        0x0 c:/program files (x86)/atmel/avr studio 5.0/avr toolchain/bin/../lib/gcc/avr/4.5.1/../../../../avr/lib/avrxmega7/crtx128a1.o
 .bss           0x0080201c        0x0 estop.o
 .bss           0x0080201c        0x0 init.o
 .bss           0x0080201c        0x0 main.o
 .bss           0x0080201c        0x0 motor.o
 .bss           0x0080201c        0x0 c:/program files (x86)/atmel/avr studio 5.0/avr toolchain/bin/../lib/gcc/avr/4.5.1/avrxmega7\libgcc.a(_exit.o)
 .bss           0x0080201c        0x0 c:/program files (x86)/atmel/avr studio 5.0/avr toolchain/bin/../lib/gcc/avr/4.5.1/avrxmega7\libgcc.a(_copy_data.o)
 .bss           0x0080201c        0x0 c:/program files (x86)/atmel/avr studio 5.0/avr toolchain/bin/../lib/gcc/avr/4.5.1/avrxmega7\libgcc.a(_fixunssfsi.o)
 .bss           0x0080201c        0x0 c:/program files (x86)/atmel/avr studio 5.0/avr toolchain/bin/../lib/gcc/avr/4.5.1/avrxmega7\libgcc.a(_addsub_sf.o)
 .bss           0x0080201c        0x0 c:/program files (x86)/atmel/avr studio 5.0/avr toolchain/bin/../lib/gcc/avr/4.5.1/avrxmega7\libgcc.a(_mul_sf.o)
 .bss           0x0080201c        0x0 c:/program files (x86)/atmel/avr studio 5.0/avr toolchain/bin/../lib/gcc/avr/4.5.1/avrxmega7\libgcc.a(_gt_sf.o)
 .bss           0x0080201c        0x0 c:/program files (x86)/atmel/avr studio 5.0/avr toolchain/bin/../lib/gcc/avr/4.5.1/avrxmega7\libgcc.a(_ge_sf.o)
 .bss           0x0080201c        0x0 c:/program files (x86)/atmel/avr studio 5.0/avr toolchain/bin/../lib/gcc/avr/4.5.1/avrxmega7\libgcc.a(_lt_sf.o)
 .bss           0x0080201c        0x0 c:/program files (x86)/atmel/avr studio 5.0/avr toolchain/bin/../lib/gcc/avr/4.5.1/avrxmega7\libgcc.a(_sf_to_si.o)
 .bss           0x0080201c        0x0 c:/program files (x86)/atmel/avr studio 5.0/avr toolchain/bin/../lib/gcc/avr/4.5.1/avrxmega7\libgcc.a(_thenan_sf.o)
 .bss           0x0080201c        0x0 c:/program files (x86)/atmel/avr studio 5.0/avr toolchain/bin/../lib/gcc/avr/4.5.1/avrxmega7\libgcc.a(_prologue.o)
 .bss           0x0080201c        0x0 c:/program files (x86)/atmel/avr studio 5.0/avr toolchain/bin/../lib/gcc/avr/4.5.1/avrxmega7\libgcc.a(_epilogue.o)
 .bss           0x0080201c        0x0 c:/program files (x86)/atmel/avr studio 5.0/avr toolchain/bin/../lib/gcc/avr/4.5.1/avrxmega7\libgcc.a(_pack_sf.o)
 .bss           0x0080201c        0x0 c:/program files (x86)/atmel/avr studio 5.0/avr toolchain/bin/../lib/gcc/avr/4.5.1/avrxmega7\libgcc.a(_unpack_sf.o)
 .bss           0x0080201c        0x0 c:/program files (x86)/atmel/avr studio 5.0/avr toolchain/bin/../lib/gcc/avr/4.5.1/avrxmega7\libgcc.a(_fpcmp_parts_sf.o)
 *(.bss*)
 *(COMMON)
                0x0080201c                PROVIDE (__bss_end, .)
                0x000013e6                __data_load_start = LOADADDR (.data)
                0x00001402                __data_load_end = (__data_load_start + SIZEOF (.data))

.noinit         0x0080201c        0x0
                0x0080201c                PROVIDE (__noinit_start, .)
 *(.noinit*)
                0x0080201c                PROVIDE (__noinit_end, .)
                0x0080201c                _end = .
                0x0080201c                PROVIDE (__heap_start, .)

.eeprom         0x00810000        0x0
 *(.eeprom*)
                0x00810000                __eeprom_end = .

.fuse
 *(.fuse)
 *(.lfuse)
 *(.hfuse)
 *(.efuse)

.lock
 *(.lock*)

.signature
 *(.signature*)

.stab           0x00000000      0x714
 *(.stab)
 .stab          0x00000000      0x714 c:/program files (x86)/atmel/avr studio 5.0/avr toolchain/bin/../lib/gcc/avr/4.5.1/../../../../avr/lib/avrxmega7/crtx128a1.o

.stabstr        0x00000000       0x85
 *(.stabstr)
 .stabstr       0x00000000       0x85 c:/program files (x86)/atmel/avr studio 5.0/avr toolchain/bin/../lib/gcc/avr/4.5.1/../../../../avr/lib/avrxmega7/crtx128a1.o

.stab.excl
 *(.stab.excl)

.stab.exclstr
 *(.stab.exclstr)

.stab.index
 *(.stab.index)

.stab.indexstr
 *(.stab.indexstr)

.comment
 *(.comment)

.debug
 *(.debug)

.line
 *(.line)

.debug_srcinfo
 *(.debug_srcinfo)

.debug_sfnames
 *(.debug_sfnames)

.debug_aranges  0x00000000      0x1c0
 *(.debug_aranges)
 .debug_aranges
                0x00000000       0x20 estop.o
 .debug_aranges
                0x00000020       0x20 init.o
 .debug_aranges
                0x00000040       0x20 main.o
 .debug_aranges
                0x00000060       0x20 motor.o
 .debug_aranges
                0x00000080       0x20 c:/program files (x86)/atmel/avr studio 5.0/avr toolchain/bin/../lib/gcc/avr/4.5.1/avrxmega7\libgcc.a(_fixunssfsi.o)
 .debug_aranges
                0x000000a0       0x20 c:/program files (x86)/atmel/avr studio 5.0/avr toolchain/bin/../lib/gcc/avr/4.5.1/avrxmega7\libgcc.a(_addsub_sf.o)
 .debug_aranges
                0x000000c0       0x20 c:/program files (x86)/atmel/avr studio 5.0/avr toolchain/bin/../lib/gcc/avr/4.5.1/avrxmega7\libgcc.a(_mul_sf.o)
 .debug_aranges
                0x000000e0       0x20 c:/program files (x86)/atmel/avr studio 5.0/avr toolchain/bin/../lib/gcc/avr/4.5.1/avrxmega7\libgcc.a(_gt_sf.o)
 .debug_aranges
                0x00000100       0x20 c:/program files (x86)/atmel/avr studio 5.0/avr toolchain/bin/../lib/gcc/avr/4.5.1/avrxmega7\libgcc.a(_ge_sf.o)
 .debug_aranges
                0x00000120       0x20 c:/program files (x86)/atmel/avr studio 5.0/avr toolchain/bin/../lib/gcc/avr/4.5.1/avrxmega7\libgcc.a(_lt_sf.o)
 .debug_aranges
                0x00000140       0x20 c:/program files (x86)/atmel/avr studio 5.0/avr toolchain/bin/../lib/gcc/avr/4.5.1/avrxmega7\libgcc.a(_sf_to_si.o)
 .debug_aranges
                0x00000160       0x20 c:/program files (x86)/atmel/avr studio 5.0/avr toolchain/bin/../lib/gcc/avr/4.5.1/avrxmega7\libgcc.a(_pack_sf.o)
 .debug_aranges
                0x00000180       0x20 c:/program files (x86)/atmel/avr studio 5.0/avr toolchain/bin/../lib/gcc/avr/4.5.1/avrxmega7\libgcc.a(_unpack_sf.o)
 .debug_aranges
                0x000001a0       0x20 c:/program files (x86)/atmel/avr studio 5.0/avr toolchain/bin/../lib/gcc/avr/4.5.1/avrxmega7\libgcc.a(_fpcmp_parts_sf.o)

.debug_pubnames
                0x00000000      0x23b
 *(.debug_pubnames)
 .debug_pubnames
                0x00000000       0x32 estop.o
 .debug_pubnames
                0x00000032       0x1b init.o
 .debug_pubnames
                0x0000004d       0x2a main.o
 .debug_pubnames
                0x00000077       0x54 motor.o
 .debug_pubnames
                0x000000cb       0x23 c:/program files (x86)/atmel/avr studio 5.0/avr toolchain/bin/../lib/gcc/avr/4.5.1/avrxmega7\libgcc.a(_fixunssfsi.o)
 .debug_pubnames
                0x000000ee       0x2c c:/program files (x86)/atmel/avr studio 5.0/avr toolchain/bin/../lib/gcc/avr/4.5.1/avrxmega7\libgcc.a(_addsub_sf.o)
 .debug_pubnames
                0x0000011a       0x1f c:/program files (x86)/atmel/avr studio 5.0/avr toolchain/bin/../lib/gcc/avr/4.5.1/avrxmega7\libgcc.a(_mul_sf.o)
 .debug_pubnames
                0x00000139       0x1e c:/program files (x86)/atmel/avr studio 5.0/avr toolchain/bin/../lib/gcc/avr/4.5.1/avrxmega7\libgcc.a(_gt_sf.o)
 .debug_pubnames
                0x00000157       0x1e c:/program files (x86)/atmel/avr studio 5.0/avr toolchain/bin/../lib/gcc/avr/4.5.1/avrxmega7\libgcc.a(_ge_sf.o)
 .debug_pubnames
                0x00000175       0x1e c:/program files (x86)/atmel/avr studio 5.0/avr toolchain/bin/../lib/gcc/avr/4.5.1/avrxmega7\libgcc.a(_lt_sf.o)
 .debug_pubnames
                0x00000193       0x20 c:/program files (x86)/atmel/avr studio 5.0/avr toolchain/bin/../lib/gcc/avr/4.5.1/avrxmega7\libgcc.a(_sf_to_si.o)
 .debug_pubnames
                0x000001b3       0x22 c:/program files (x86)/atmel/avr studio 5.0/avr toolchain/bin/../lib/gcc/avr/4.5.1/avrxmega7\libgcc.a(_thenan_sf.o)
 .debug_pubnames
                0x000001d5       0x1f c:/program files (x86)/atmel/avr studio 5.0/avr toolchain/bin/../lib/gcc/avr/4.5.1/avrxmega7\libgcc.a(_pack_sf.o)
 .debug_pubnames
                0x000001f4       0x21 c:/program files (x86)/atmel/avr studio 5.0/avr toolchain/bin/../lib/gcc/avr/4.5.1/avrxmega7\libgcc.a(_unpack_sf.o)
 .debug_pubnames
                0x00000215       0x26 c:/program files (x86)/atmel/avr studio 5.0/avr toolchain/bin/../lib/gcc/avr/4.5.1/avrxmega7\libgcc.a(_fpcmp_parts_sf.o)

.debug_info     0x00000000     0x2d7d
 *(.debug_info)
 .debug_info    0x00000000      0x367 estop.o
 .debug_info    0x00000367       0xd3 init.o
 .debug_info    0x0000043a      0x399 main.o
 .debug_info    0x000007d3      0x9e5 motor.o
 .debug_info    0x000011b8       0xbd c:/program files (x86)/atmel/avr studio 5.0/avr toolchain/bin/../lib/gcc/avr/4.5.1/avrxmega7\libgcc.a(_fixunssfsi.o)
 .debug_info    0x00001275      0x455 c:/program files (x86)/atmel/avr studio 5.0/avr toolchain/bin/../lib/gcc/avr/4.5.1/avrxmega7\libgcc.a(_addsub_sf.o)
 .debug_info    0x000016ca      0x3ec c:/program files (x86)/atmel/avr studio 5.0/avr toolchain/bin/../lib/gcc/avr/4.5.1/avrxmega7\libgcc.a(_mul_sf.o)
 .debug_info    0x00001ab6      0x28a c:/program files (x86)/atmel/avr studio 5.0/avr toolchain/bin/../lib/gcc/avr/4.5.1/avrxmega7\libgcc.a(_gt_sf.o)
 .debug_info    0x00001d40      0x28a c:/program files (x86)/atmel/avr studio 5.0/avr toolchain/bin/../lib/gcc/avr/4.5.1/avrxmega7\libgcc.a(_ge_sf.o)
 .debug_info    0x00001fca      0x28a c:/program files (x86)/atmel/avr studio 5.0/avr toolchain/bin/../lib/gcc/avr/4.5.1/avrxmega7\libgcc.a(_lt_sf.o)
 .debug_info    0x00002254      0x2a5 c:/program files (x86)/atmel/avr studio 5.0/avr toolchain/bin/../lib/gcc/avr/4.5.1/avrxmega7\libgcc.a(_sf_to_si.o)
 .debug_info    0x000024f9      0x15e c:/program files (x86)/atmel/avr studio 5.0/avr toolchain/bin/../lib/gcc/avr/4.5.1/avrxmega7\libgcc.a(_thenan_sf.o)
 .debug_info    0x00002657      0x2d9 c:/program files (x86)/atmel/avr studio 5.0/avr toolchain/bin/../lib/gcc/avr/4.5.1/avrxmega7\libgcc.a(_pack_sf.o)
 .debug_info    0x00002930      0x25c c:/program files (x86)/atmel/avr studio 5.0/avr toolchain/bin/../lib/gcc/avr/4.5.1/avrxmega7\libgcc.a(_unpack_sf.o)
 .debug_info    0x00002b8c      0x1f1 c:/program files (x86)/atmel/avr studio 5.0/avr toolchain/bin/../lib/gcc/avr/4.5.1/avrxmega7\libgcc.a(_fpcmp_parts_sf.o)
 *(.gnu.linkonce.wi.*)

.debug_abbrev   0x00000000     0x1243
 *(.debug_abbrev)
 .debug_abbrev  0x00000000      0x136 estop.o
 .debug_abbrev  0x00000136       0x6f init.o
 .debug_abbrev  0x000001a5      0x136 main.o
 .debug_abbrev  0x000002db      0x18a motor.o
 .debug_abbrev  0x00000465       0x5d c:/program files (x86)/atmel/avr studio 5.0/avr toolchain/bin/../lib/gcc/avr/4.5.1/avrxmega7\libgcc.a(_fixunssfsi.o)
 .debug_abbrev  0x000004c2      0x1af c:/program files (x86)/atmel/avr studio 5.0/avr toolchain/bin/../lib/gcc/avr/4.5.1/avrxmega7\libgcc.a(_addsub_sf.o)
 .debug_abbrev  0x00000671      0x1d9 c:/program files (x86)/atmel/avr studio 5.0/avr toolchain/bin/../lib/gcc/avr/4.5.1/avrxmega7\libgcc.a(_mul_sf.o)
 .debug_abbrev  0x0000084a      0x151 c:/program files (x86)/atmel/avr studio 5.0/avr toolchain/bin/../lib/gcc/avr/4.5.1/avrxmega7\libgcc.a(_gt_sf.o)
 .debug_abbrev  0x0000099b      0x151 c:/program files (x86)/atmel/avr studio 5.0/avr toolchain/bin/../lib/gcc/avr/4.5.1/avrxmega7\libgcc.a(_ge_sf.o)
 .debug_abbrev  0x00000aec      0x151 c:/program files (x86)/atmel/avr studio 5.0/avr toolchain/bin/../lib/gcc/avr/4.5.1/avrxmega7\libgcc.a(_lt_sf.o)
 .debug_abbrev  0x00000c3d      0x160 c:/program files (x86)/atmel/avr studio 5.0/avr toolchain/bin/../lib/gcc/avr/4.5.1/avrxmega7\libgcc.a(_sf_to_si.o)
 .debug_abbrev  0x00000d9d       0xcb c:/program files (x86)/atmel/avr studio 5.0/avr toolchain/bin/../lib/gcc/avr/4.5.1/avrxmega7\libgcc.a(_thenan_sf.o)
 .debug_abbrev  0x00000e68      0x185 c:/program files (x86)/atmel/avr studio 5.0/avr toolchain/bin/../lib/gcc/avr/4.5.1/avrxmega7\libgcc.a(_pack_sf.o)
 .debug_abbrev  0x00000fed      0x14b c:/program files (x86)/atmel/avr studio 5.0/avr toolchain/bin/../lib/gcc/avr/4.5.1/avrxmega7\libgcc.a(_unpack_sf.o)
 .debug_abbrev  0x00001138      0x10b c:/program files (x86)/atmel/avr studio 5.0/avr toolchain/bin/../lib/gcc/avr/4.5.1/avrxmega7\libgcc.a(_fpcmp_parts_sf.o)

.debug_line     0x00000000     0x192e
 *(.debug_line)
 .debug_line    0x00000000      0x28e estop.o
 .debug_line    0x0000028e       0xfa init.o
 .debug_line    0x00000388      0x311 main.o
 .debug_line    0x00000699      0x271 motor.o
 .debug_line    0x0000090a       0xc9 c:/program files (x86)/atmel/avr studio 5.0/avr toolchain/bin/../lib/gcc/avr/4.5.1/avrxmega7\libgcc.a(_fixunssfsi.o)
 .debug_line    0x000009d3      0x2ee c:/program files (x86)/atmel/avr studio 5.0/avr toolchain/bin/../lib/gcc/avr/4.5.1/avrxmega7\libgcc.a(_addsub_sf.o)
 .debug_line    0x00000cc1      0x28a c:/program files (x86)/atmel/avr studio 5.0/avr toolchain/bin/../lib/gcc/avr/4.5.1/avrxmega7\libgcc.a(_mul_sf.o)
 .debug_line    0x00000f4b      0x105 c:/program files (x86)/atmel/avr studio 5.0/avr toolchain/bin/../lib/gcc/avr/4.5.1/avrxmega7\libgcc.a(_gt_sf.o)
 .debug_line    0x00001050      0x105 c:/program files (x86)/atmel/avr studio 5.0/avr toolchain/bin/../lib/gcc/avr/4.5.1/avrxmega7\libgcc.a(_ge_sf.o)
 .debug_line    0x00001155      0x105 c:/program files (x86)/atmel/avr studio 5.0/avr toolchain/bin/../lib/gcc/avr/4.5.1/avrxmega7\libgcc.a(_lt_sf.o)
 .debug_line    0x0000125a      0x13f c:/program files (x86)/atmel/avr studio 5.0/avr toolchain/bin/../lib/gcc/avr/4.5.1/avrxmega7\libgcc.a(_sf_to_si.o)
 .debug_line    0x00001399       0xb2 c:/program files (x86)/atmel/avr studio 5.0/avr toolchain/bin/../lib/gcc/avr/4.5.1/avrxmega7\libgcc.a(_thenan_sf.o)
 .debug_line    0x0000144b      0x1f5 c:/program files (x86)/atmel/avr studio 5.0/avr toolchain/bin/../lib/gcc/avr/4.5.1/avrxmega7\libgcc.a(_pack_sf.o)
 .debug_line    0x00001640      0x175 c:/program files (x86)/atmel/avr studio 5.0/avr toolchain/bin/../lib/gcc/avr/4.5.1/avrxmega7\libgcc.a(_unpack_sf.o)
 .debug_line    0x000017b5      0x179 c:/program files (x86)/atmel/avr studio 5.0/avr toolchain/bin/../lib/gcc/avr/4.5.1/avrxmega7\libgcc.a(_fpcmp_parts_sf.o)

.debug_frame    0x00000000      0x230
 *(.debug_frame)
 .debug_frame   0x00000000       0x30 estop.o
 .debug_frame   0x00000030       0x20 init.o
 .debug_frame   0x00000050       0x30 main.o
 .debug_frame   0x00000080       0x50 motor.o
 .debug_frame   0x000000d0       0x20 c:/program files (x86)/atmel/avr studio 5.0/avr toolchain/bin/../lib/gcc/avr/4.5.1/avrxmega7\libgcc.a(_fixunssfsi.o)
 .debug_frame   0x000000f0       0x40 c:/program files (x86)/atmel/avr studio 5.0/avr toolchain/bin/../lib/gcc/avr/4.5.1/avrxmega7\libgcc.a(_addsub_sf.o)
 .debug_frame   0x00000130       0x20 c:/program files (x86)/atmel/avr studio 5.0/avr toolchain/bin/../lib/gcc/avr/4.5.1/avrxmega7\libgcc.a(_mul_sf.o)
 .debug_frame   0x00000150       0x20 c:/program files (x86)/atmel/avr studio 5.0/avr toolchain/bin/../lib/gcc/avr/4.5.1/avrxmega7\libgcc.a(_gt_sf.o)
 .debug_frame   0x00000170       0x20 c:/program files (x86)/atmel/avr studio 5.0/avr toolchain/bin/../lib/gcc/avr/4.5.1/avrxmega7\libgcc.a(_ge_sf.o)
 .debug_frame   0x00000190       0x20 c:/program files (x86)/atmel/avr studio 5.0/avr toolchain/bin/../lib/gcc/avr/4.5.1/avrxmega7\libgcc.a(_lt_sf.o)
 .debug_frame   0x000001b0       0x20 c:/program files (x86)/atmel/avr studio 5.0/avr toolchain/bin/../lib/gcc/avr/4.5.1/avrxmega7\libgcc.a(_sf_to_si.o)
 .debug_frame   0x000001d0       0x20 c:/program files (x86)/atmel/avr studio 5.0/avr toolchain/bin/../lib/gcc/avr/4.5.1/avrxmega7\libgcc.a(_pack_sf.o)
 .debug_frame   0x000001f0       0x20 c:/program files (x86)/atmel/avr studio 5.0/avr toolchain/bin/../lib/gcc/avr/4.5.1/avrxmega7\libgcc.a(_unpack_sf.o)
 .debug_frame   0x00000210       0x20 c:/program files (x86)/atmel/avr studio 5.0/avr toolchain/bin/../lib/gcc/avr/4.5.1/avrxmega7\libgcc.a(_fpcmp_parts_sf.o)

.debug_str      0x00000000      0xb49
 *(.debug_str)
 .debug_str     0x00000000      0x30a estop.o
                                0x343 (size before relaxing)
 .debug_str     0x0000030a       0x2d init.o
                                0x103 (size before relaxing)
 .debug_str     0x00000337       0x35 main.o
                                0x22c (size before relaxing)
 .debug_str     0x0000036c      0x52b motor.o
                                0x6a2 (size before relaxing)
 .debug_str     0x00000897       0xdc c:/program files (x86)/atmel/avr studio 5.0/avr toolchain/bin/../lib/gcc/avr/4.5.1/avrxmega7\libgcc.a(_fixunssfsi.o)
                                0x161 (size before relaxing)
 .debug_str     0x00000973      0x155 c:/program files (x86)/atmel/avr studio 5.0/avr toolchain/bin/../lib/gcc/avr/4.5.1/avrxmega7\libgcc.a(_addsub_sf.o)
                                0x248 (size before relaxing)
 .debug_str     0x00000ac8       0x27 c:/program files (x86)/atmel/avr studio 5.0/avr toolchain/bin/../lib/gcc/avr/4.5.1/avrxmega7\libgcc.a(_mul_sf.o)
                                0x201 (size before relaxing)
 .debug_str     0x00000aef        0xf c:/program files (x86)/atmel/avr studio 5.0/avr toolchain/bin/../lib/gcc/avr/4.5.1/avrxmega7\libgcc.a(_gt_sf.o)
                                0x1cf (size before relaxing)
 .debug_str     0x00000afe        0x8 c:/program files (x86)/atmel/avr studio 5.0/avr toolchain/bin/../lib/gcc/avr/4.5.1/avrxmega7\libgcc.a(_ge_sf.o)
                                0x1cf (size before relaxing)
 .debug_str     0x00000b06        0x8 c:/program files (x86)/atmel/avr studio 5.0/avr toolchain/bin/../lib/gcc/avr/4.5.1/avrxmega7\libgcc.a(_lt_sf.o)
                                0x1cf (size before relaxing)
 .debug_str     0x00000b0e        0xa c:/program files (x86)/atmel/avr studio 5.0/avr toolchain/bin/../lib/gcc/avr/4.5.1/avrxmega7\libgcc.a(_sf_to_si.o)
                                0x1d8 (size before relaxing)
 .debug_str     0x00000000      0x17a c:/program files (x86)/atmel/avr studio 5.0/avr toolchain/bin/../lib/gcc/avr/4.5.1/avrxmega7\libgcc.a(_thenan_sf.o)
 .debug_str     0x00000b18       0x16 c:/program files (x86)/atmel/avr studio 5.0/avr toolchain/bin/../lib/gcc/avr/4.5.1/avrxmega7\libgcc.a(_pack_sf.o)
                                0x1d7 (size before relaxing)
 .debug_str     0x00000b2e        0xb c:/program files (x86)/atmel/avr studio 5.0/avr toolchain/bin/../lib/gcc/avr/4.5.1/avrxmega7\libgcc.a(_unpack_sf.o)
                                0x1b9 (size before relaxing)
 .debug_str     0x00000b39       0x10 c:/program files (x86)/atmel/avr studio 5.0/avr toolchain/bin/../lib/gcc/avr/4.5.1/avrxmega7\libgcc.a(_fpcmp_parts_sf.o)
                                0x19d (size before relaxing)

.debug_loc      0x00000000      0xa79
 *(.debug_loc)
 .debug_loc     0x00000000       0x34 c:/program files (x86)/atmel/avr studio 5.0/avr toolchain/bin/../lib/gcc/avr/4.5.1/avrxmega7\libgcc.a(_fixunssfsi.o)
 .debug_loc     0x00000034      0x31d c:/program files (x86)/atmel/avr studio 5.0/avr toolchain/bin/../lib/gcc/avr/4.5.1/avrxmega7\libgcc.a(_addsub_sf.o)
 .debug_loc     0x00000351      0x2a4 c:/program files (x86)/atmel/avr studio 5.0/avr toolchain/bin/../lib/gcc/avr/4.5.1/avrxmega7\libgcc.a(_mul_sf.o)
 .debug_loc     0x000005f5       0x48 c:/program files (x86)/atmel/avr studio 5.0/avr toolchain/bin/../lib/gcc/avr/4.5.1/avrxmega7\libgcc.a(_gt_sf.o)
 .debug_loc     0x0000063d       0x48 c:/program files (x86)/atmel/avr studio 5.0/avr toolchain/bin/../lib/gcc/avr/4.5.1/avrxmega7\libgcc.a(_ge_sf.o)
 .debug_loc     0x00000685       0x48 c:/program files (x86)/atmel/avr studio 5.0/avr toolchain/bin/../lib/gcc/avr/4.5.1/avrxmega7\libgcc.a(_lt_sf.o)
 .debug_loc     0x000006cd       0x56 c:/program files (x86)/atmel/avr studio 5.0/avr toolchain/bin/../lib/gcc/avr/4.5.1/avrxmega7\libgcc.a(_sf_to_si.o)
 .debug_loc     0x00000723      0x1f5 c:/program files (x86)/atmel/avr studio 5.0/avr toolchain/bin/../lib/gcc/avr/4.5.1/avrxmega7\libgcc.a(_pack_sf.o)
 .debug_loc     0x00000918      0x111 c:/program files (x86)/atmel/avr studio 5.0/avr toolchain/bin/../lib/gcc/avr/4.5.1/avrxmega7\libgcc.a(_unpack_sf.o)
 .debug_loc     0x00000a29       0x50 c:/program files (x86)/atmel/avr studio 5.0/avr toolchain/bin/../lib/gcc/avr/4.5.1/avrxmega7\libgcc.a(_fpcmp_parts_sf.o)

.debug_macinfo
 *(.debug_macinfo)
OUTPUT(Instigator2012.elf elf32-avr)
LOAD linker stubs

.debug_pubtypes
                0x00000000      0x6bc
 .debug_pubtypes
                0x00000000       0x5e estop.o
 .debug_pubtypes
                0x0000005e       0x2d init.o
 .debug_pubtypes
                0x0000008b       0x46 main.o
 .debug_pubtypes
                0x000000d1       0x8e motor.o
 .debug_pubtypes
                0x0000015f       0x34 c:/program files (x86)/atmel/avr studio 5.0/avr toolchain/bin/../lib/gcc/avr/4.5.1/avrxmega7\libgcc.a(_fixunssfsi.o)
 .debug_pubtypes
                0x00000193       0x9d c:/program files (x86)/atmel/avr studio 5.0/avr toolchain/bin/../lib/gcc/avr/4.5.1/avrxmega7\libgcc.a(_addsub_sf.o)
 .debug_pubtypes
                0x00000230       0x86 c:/program files (x86)/atmel/avr studio 5.0/avr toolchain/bin/../lib/gcc/avr/4.5.1/avrxmega7\libgcc.a(_mul_sf.o)
 .debug_pubtypes
                0x000002b6       0x91 c:/program files (x86)/atmel/avr studio 5.0/avr toolchain/bin/../lib/gcc/avr/4.5.1/avrxmega7\libgcc.a(_gt_sf.o)
 .debug_pubtypes
                0x00000347       0x91 c:/program files (x86)/atmel/avr studio 5.0/avr toolchain/bin/../lib/gcc/avr/4.5.1/avrxmega7\libgcc.a(_ge_sf.o)
 .debug_pubtypes
                0x000003d8       0x91 c:/program files (x86)/atmel/avr studio 5.0/avr toolchain/bin/../lib/gcc/avr/4.5.1/avrxmega7\libgcc.a(_lt_sf.o)
 .debug_pubtypes
                0x00000469       0x91 c:/program files (x86)/atmel/avr studio 5.0/avr toolchain/bin/../lib/gcc/avr/4.5.1/avrxmega7\libgcc.a(_sf_to_si.o)
 .debug_pubtypes
                0x000004fa       0x5b c:/program files (x86)/atmel/avr studio 5.0/avr toolchain/bin/../lib/gcc/avr/4.5.1/avrxmega7\libgcc.a(_thenan_sf.o)
 .debug_pubtypes
                0x00000555       0x86 c:/program files (x86)/atmel/avr studio 5.0/avr toolchain/bin/../lib/gcc/avr/4.5.1/avrxmega7\libgcc.a(_pack_sf.o)
 .debug_pubtypes
                0x000005db       0x86 c:/program files (x86)/atmel/avr studio 5.0/avr toolchain/bin/../lib/gcc/avr/4.5.1/avrxmega7\libgcc.a(_unpack_sf.o)
 .debug_pubtypes
                0x00000661       0x5b c:/program files (x86)/atmel/avr studio 5.0/avr toolchain/bin/../lib/gcc/avr/4.5.1/avrxmega7\libgcc.a(_fpcmp_parts_sf.o)

.debug_ranges   0x00000000       0x60
 .debug_ranges  0x00000000       0x30 main.o
 .debug_ranges  0x00000030       0x30 c:/program files (x86)/atmel/avr studio 5.0/avr toolchain/bin/../lib/gcc/avr/4.5.1/avrxmega7\libgcc.a(_mul_sf.o)
