Archive member included because of file (symbol)

c:/program files (x86)/atmel/avr studio 5.1/extensions/atmel/avrgcc/3.3.1.27/avrtoolchain/bin/../lib/gcc/avr/4.5.1/../../../../avr/lib/avrxmega7\libm.a(cmpsf2.o)
                              main.o (__ltsf2)
c:/program files (x86)/atmel/avr studio 5.1/extensions/atmel/avrgcc/3.3.1.27/avrtoolchain/bin/../lib/gcc/avr/4.5.1/../../../../avr/lib/avrxmega7\libm.a(fixunssfsi.o)
                              main.o (__fixunssfsi)
c:/program files (x86)/atmel/avr studio 5.1/extensions/atmel/avrgcc/3.3.1.27/avrtoolchain/bin/../lib/gcc/avr/4.5.1/../../../../avr/lib/avrxmega7\libm.a(fp_cmp.o)
                              c:/program files (x86)/atmel/avr studio 5.1/extensions/atmel/avrgcc/3.3.1.27/avrtoolchain/bin/../lib/gcc/avr/4.5.1/../../../../avr/lib/avrxmega7\libm.a(cmpsf2.o) (__fp_cmp)
c:/program files (x86)/atmel/avr studio 5.1/extensions/atmel/avrgcc/3.3.1.27/avrtoolchain/bin/../lib/gcc/avr/4.5.1/../../../../avr/lib/avrxmega7\libm.a(fp_split3.o)
                              c:/program files (x86)/atmel/avr studio 5.1/extensions/atmel/avrgcc/3.3.1.27/avrtoolchain/bin/../lib/gcc/avr/4.5.1/../../../../avr/lib/avrxmega7\libm.a(fixunssfsi.o) (__fp_splitA)
c:/program files (x86)/atmel/avr studio 5.1/extensions/atmel/avrgcc/3.3.1.27/avrtoolchain/bin/../lib/gcc/avr/4.5.1/../../../../avr/lib/avrxmega7\libm.a(fp_zero.o)
                              c:/program files (x86)/atmel/avr studio 5.1/extensions/atmel/avrgcc/3.3.1.27/avrtoolchain/bin/../lib/gcc/avr/4.5.1/../../../../avr/lib/avrxmega7\libm.a(fixunssfsi.o) (__fp_zero)
c:/program files (x86)/atmel/avr studio 5.1/extensions/atmel/avrgcc/3.3.1.27/avrtoolchain/bin/../lib/gcc/avr/4.5.1/../../../../avr/lib/avrxmega7\libm.a(gesf2.o)
                              main.o (__gtsf2)
c:/program files (x86)/atmel/avr studio 5.1/extensions/atmel/avrgcc/3.3.1.27/avrtoolchain/bin/../lib/gcc/avr/4.5.1/../../../../avr/lib/avrxmega7\libm.a(mulsf3.o)
                              main.o (__mulsf3)
c:/program files (x86)/atmel/avr studio 5.1/extensions/atmel/avrgcc/3.3.1.27/avrtoolchain/bin/../lib/gcc/avr/4.5.1/../../../../avr/lib/avrxmega7\libm.a(mulsf3x.o)
                              c:/program files (x86)/atmel/avr studio 5.1/extensions/atmel/avrgcc/3.3.1.27/avrtoolchain/bin/../lib/gcc/avr/4.5.1/../../../../avr/lib/avrxmega7\libm.a(mulsf3.o) (__mulsf3x)
c:/program files (x86)/atmel/avr studio 5.1/extensions/atmel/avrgcc/3.3.1.27/avrtoolchain/bin/../lib/gcc/avr/4.5.1/../../../../avr/lib/avrxmega7\libm.a(fp_inf.o)
                              c:/program files (x86)/atmel/avr studio 5.1/extensions/atmel/avrgcc/3.3.1.27/avrtoolchain/bin/../lib/gcc/avr/4.5.1/../../../../avr/lib/avrxmega7\libm.a(mulsf3x.o) (__fp_inf)
c:/program files (x86)/atmel/avr studio 5.1/extensions/atmel/avrgcc/3.3.1.27/avrtoolchain/bin/../lib/gcc/avr/4.5.1/../../../../avr/lib/avrxmega7\libm.a(fp_nan.o)
                              c:/program files (x86)/atmel/avr studio 5.1/extensions/atmel/avrgcc/3.3.1.27/avrtoolchain/bin/../lib/gcc/avr/4.5.1/../../../../avr/lib/avrxmega7\libm.a(mulsf3x.o) (__fp_nan)
c:/program files (x86)/atmel/avr studio 5.1/extensions/atmel/avrgcc/3.3.1.27/avrtoolchain/bin/../lib/gcc/avr/4.5.1/../../../../avr/lib/avrxmega7\libm.a(fp_pscA.o)
                              c:/program files (x86)/atmel/avr studio 5.1/extensions/atmel/avrgcc/3.3.1.27/avrtoolchain/bin/../lib/gcc/avr/4.5.1/../../../../avr/lib/avrxmega7\libm.a(mulsf3x.o) (__fp_pscA)
c:/program files (x86)/atmel/avr studio 5.1/extensions/atmel/avrgcc/3.3.1.27/avrtoolchain/bin/../lib/gcc/avr/4.5.1/../../../../avr/lib/avrxmega7\libm.a(fp_pscB.o)
                              c:/program files (x86)/atmel/avr studio 5.1/extensions/atmel/avrgcc/3.3.1.27/avrtoolchain/bin/../lib/gcc/avr/4.5.1/../../../../avr/lib/avrxmega7\libm.a(mulsf3x.o) (__fp_pscB)
c:/program files (x86)/atmel/avr studio 5.1/extensions/atmel/avrgcc/3.3.1.27/avrtoolchain/bin/../lib/gcc/avr/4.5.1/../../../../avr/lib/avrxmega7\libm.a(fp_round.o)
                              c:/program files (x86)/atmel/avr studio 5.1/extensions/atmel/avrgcc/3.3.1.27/avrtoolchain/bin/../lib/gcc/avr/4.5.1/../../../../avr/lib/avrxmega7\libm.a(mulsf3.o) (__fp_round)
c:/program files (x86)/atmel/avr studio 5.1/extensions/atmel/avrgcc/3.3.1.27/avrtoolchain/bin/../lib/gcc/avr/4.5.1/avrxmega7\libgcc.a(_exit.o)
                              c:/program files (x86)/atmel/avr studio 5.1/extensions/atmel/avrgcc/3.3.1.27/avrtoolchain/bin/../lib/gcc/avr/4.5.1/../../../../avr/lib/avrxmega7/crtx128a1.o (exit)
c:/program files (x86)/atmel/avr studio 5.1/extensions/atmel/avrgcc/3.3.1.27/avrtoolchain/bin/../lib/gcc/avr/4.5.1/avrxmega7\libgcc.a(_copy_data.o)
                              debug.o (__do_copy_data)
c:/program files (x86)/atmel/avr studio 5.1/extensions/atmel/avrgcc/3.3.1.27/avrtoolchain/bin/../lib/gcc/avr/4.5.1/avrxmega7\libgcc.a(_clear_bss.o)
                              estop.o (__do_clear_bss)

Memory Configuration

Name             Origin             Length             Attributes
text             0x00000000         0x00100000         xr
data             0x00802000         0x0000ffa0         rw !x
eeprom           0x00810000         0x00010000         rw !x
fuse             0x00820000         0x00000400         rw !x
lock             0x00830000         0x00000400         rw !x
signature        0x00840000         0x00000400         rw !x
*default*        0x00000000         0xffffffff

Linker script and memory map

LOAD c:/program files (x86)/atmel/avr studio 5.1/extensions/atmel/avrgcc/3.3.1.27/avrtoolchain/bin/../lib/gcc/avr/4.5.1/../../../../avr/lib/avrxmega7/crtx128a1.o
LOAD debug.o
LOAD estop.o
LOAD init.o
LOAD main.o
LOAD motor.o
LOAD tick.o
LOAD c:/program files (x86)/atmel/avr studio 5.1/extensions/atmel/avrgcc/3.3.1.27/avrtoolchain/bin/../lib/gcc/avr/4.5.1/../../../../avr/lib/avrxmega7\libm.a
LOAD c:/program files (x86)/atmel/avr studio 5.1/extensions/atmel/avrgcc/3.3.1.27/avrtoolchain/bin/../lib/gcc/avr/4.5.1/avrxmega7\libgcc.a
LOAD c:/program files (x86)/atmel/avr studio 5.1/extensions/atmel/avrgcc/3.3.1.27/avrtoolchain/bin/../lib/gcc/avr/4.5.1/../../../../avr/lib/avrxmega7\libc.a
LOAD c:/program files (x86)/atmel/avr studio 5.1/extensions/atmel/avrgcc/3.3.1.27/avrtoolchain/bin/../lib/gcc/avr/4.5.1/avrxmega7\libgcc.a

.hash
 *(.hash)

.dynsym
 *(.dynsym)

.dynstr
 *(.dynstr)

.gnu.version
 *(.gnu.version)

.gnu.version_d
 *(.gnu.version_d)

.gnu.version_r
 *(.gnu.version_r)

.rel.init
 *(.rel.init)

.rela.init
 *(.rela.init)

.rel.text
 *(.rel.text)
 *(.rel.text.*)
 *(.rel.gnu.linkonce.t*)

.rela.text
 *(.rela.text)
 *(.rela.text.*)
 *(.rela.gnu.linkonce.t*)

.rel.fini
 *(.rel.fini)

.rela.fini
 *(.rela.fini)

.rel.rodata
 *(.rel.rodata)
 *(.rel.rodata.*)
 *(.rel.gnu.linkonce.r*)

.rela.rodata
 *(.rela.rodata)
 *(.rela.rodata.*)
 *(.rela.gnu.linkonce.r*)

.rel.data
 *(.rel.data)
 *(.rel.data.*)
 *(.rel.gnu.linkonce.d*)

.rela.data
 *(.rela.data)
 *(.rela.data.*)
 *(.rela.gnu.linkonce.d*)

.rel.ctors
 *(.rel.ctors)

.rela.ctors
 *(.rela.ctors)

.rel.dtors
 *(.rel.dtors)

.rela.dtors
 *(.rela.dtors)

.rel.got
 *(.rel.got)

.rela.got
 *(.rela.got)

.rel.bss
 *(.rel.bss)

.rela.bss
 *(.rela.bss)

.rel.plt
 *(.rel.plt)

.rela.plt
 *(.rela.plt)

.text           0x00000000      0xa9c
 *(.vectors)
 .vectors       0x00000000      0x1f4 c:/program files (x86)/atmel/avr studio 5.1/extensions/atmel/avrgcc/3.3.1.27/avrtoolchain/bin/../lib/gcc/avr/4.5.1/../../../../avr/lib/avrxmega7/crtx128a1.o
                0x00000000                __vector_default
                0x00000000                __vectors
 *(.vectors)
 *(.progmem.gcc*)
 *(.progmem*)
                0x000001f4                . = ALIGN (0x2)
                0x000001f4                __trampolines_start = .
 *(.trampolines)
 .trampolines   0x000001f4        0x0 linker stubs
 *(.trampolines*)
                0x000001f4                __trampolines_end = .
 *(.jumptables)
 *(.jumptables*)
 *(.lowtext)
 *(.lowtext*)
                0x000001f4                __ctors_start = .
 *(.ctors)
                0x000001f4                __ctors_end = .
                0x000001f4                __dtors_start = .
 *(.dtors)
                0x000001f4                __dtors_end = .
 SORT(*)(.ctors)
 SORT(*)(.dtors)
 *(.init0)
 .init0         0x000001f4        0x0 c:/program files (x86)/atmel/avr studio 5.1/extensions/atmel/avrgcc/3.3.1.27/avrtoolchain/bin/../lib/gcc/avr/4.5.1/../../../../avr/lib/avrxmega7/crtx128a1.o
                0x000001f4                __init
 *(.init0)
 *(.init1)
 *(.init1)
 *(.init2)
 .init2         0x000001f4       0x18 c:/program files (x86)/atmel/avr studio 5.1/extensions/atmel/avrgcc/3.3.1.27/avrtoolchain/bin/../lib/gcc/avr/4.5.1/../../../../avr/lib/avrxmega7/crtx128a1.o
 *(.init2)
 *(.init3)
 *(.init3)
 *(.init4)
 .init4         0x0000020c       0x1a c:/program files (x86)/atmel/avr studio 5.1/extensions/atmel/avrgcc/3.3.1.27/avrtoolchain/bin/../lib/gcc/avr/4.5.1/avrxmega7\libgcc.a(_copy_data.o)
                0x0000020c                __do_copy_data
 .init4         0x00000226       0x10 c:/program files (x86)/atmel/avr studio 5.1/extensions/atmel/avrgcc/3.3.1.27/avrtoolchain/bin/../lib/gcc/avr/4.5.1/avrxmega7\libgcc.a(_clear_bss.o)
                0x00000226                __do_clear_bss
 *(.init4)
 *(.init5)
 *(.init5)
 *(.init6)
 *(.init6)
 *(.init7)
 *(.init7)
 *(.init8)
 *(.init8)
 *(.init9)
 .init9         0x00000236        0x8 c:/program files (x86)/atmel/avr studio 5.1/extensions/atmel/avrgcc/3.3.1.27/avrtoolchain/bin/../lib/gcc/avr/4.5.1/../../../../avr/lib/avrxmega7/crtx128a1.o
 *(.init9)
 *(.text)
 .text          0x0000023e        0x4 c:/program files (x86)/atmel/avr studio 5.1/extensions/atmel/avrgcc/3.3.1.27/avrtoolchain/bin/../lib/gcc/avr/4.5.1/../../../../avr/lib/avrxmega7/crtx128a1.o
                0x0000023e                __vector_38
                0x0000023e                __vector_22
                0x0000023e                __vector_63
                0x0000023e                __vector_28
                0x0000023e                __vector_67
                0x0000023e                __vector_1
                0x0000023e                __vector_119
                0x0000023e                __vector_32
                0x0000023e                __vector_75
                0x0000023e                __vector_71
                0x0000023e                __vector_91
                0x0000023e                __vector_34
                0x0000023e                __vector_62
                0x0000023e                __vector_77
                0x0000023e                __vector_102
                0x0000023e                __vector_24
                0x0000023e                __vector_12
                0x0000023e                __vector_55
                0x0000023e                __vector_69
                0x0000023e                __vector_81
                0x0000023e                __vector_90
                0x0000023e                __vector_46
                0x0000023e                __bad_interrupt
                0x0000023e                __vector_122
                0x0000023e                __vector_72
                0x0000023e                __vector_6
                0x0000023e                __vector_110
                0x0000023e                __vector_31
                0x0000023e                __vector_92
                0x0000023e                __vector_35
                0x0000023e                __vector_78
                0x0000023e                __vector_74
                0x0000023e                __vector_117
                0x0000023e                __vector_39
                0x0000023e                __vector_107
                0x0000023e                __vector_3
                0x0000023e                __vector_105
                0x0000023e                __vector_98
                0x0000023e                __vector_23
                0x0000023e                __vector_68
                0x0000023e                __vector_30
                0x0000023e                __vector_73
                0x0000023e                __vector_45
                0x0000023e                __vector_25
                0x0000023e                __vector_93
                0x0000023e                __vector_61
                0x0000023e                __vector_11
                0x0000023e                __vector_54
                0x0000023e                __vector_99
                0x0000023e                __vector_13
                0x0000023e                __vector_17
                0x0000023e                __vector_19
                0x0000023e                __vector_56
                0x0000023e                __vector_7
                0x0000023e                __vector_49
                0x0000023e                __vector_123
                0x0000023e                __vector_41
                0x0000023e                __vector_86
                0x0000023e                __vector_100
                0x0000023e                __vector_101
                0x0000023e                __vector_64
                0x0000023e                __vector_88
                0x0000023e                __vector_109
                0x0000023e                __vector_43
                0x0000023e                __vector_27
                0x0000023e                __vector_5
                0x0000023e                __vector_113
                0x0000023e                __vector_33
                0x0000023e                __vector_76
                0x0000023e                __vector_115
                0x0000023e                __vector_47
                0x0000023e                __vector_52
                0x0000023e                __vector_37
                0x0000023e                __vector_95
                0x0000023e                __vector_103
                0x0000023e                __vector_96
                0x0000023e                __vector_89
                0x0000023e                __vector_108
                0x0000023e                __vector_4
                0x0000023e                __vector_44
                0x0000023e                __vector_82
                0x0000023e                __vector_106
                0x0000023e                __vector_118
                0x0000023e                __vector_51
                0x0000023e                __vector_9
                0x0000023e                __vector_2
                0x0000023e                __vector_21
                0x0000023e                __vector_15
                0x0000023e                __vector_66
                0x0000023e                __vector_36
                0x0000023e                __vector_79
                0x0000023e                __vector_58
                0x0000023e                __vector_70
                0x0000023e                __vector_83
                0x0000023e                __vector_29
                0x0000023e                __vector_60
                0x0000023e                __vector_121
                0x0000023e                __vector_40
                0x0000023e                __vector_85
                0x0000023e                __vector_94
                0x0000023e                __vector_8
                0x0000023e                __vector_26
                0x0000023e                __vector_48
                0x0000023e                __vector_124
                0x0000023e                __vector_116
                0x0000023e                __vector_112
                0x0000023e                __vector_111
                0x0000023e                __vector_80
                0x0000023e                __vector_14
                0x0000023e                __vector_84
                0x0000023e                __vector_57
                0x0000023e                __vector_53
                0x0000023e                __vector_10
                0x0000023e                __vector_50
                0x0000023e                __vector_16
                0x0000023e                __vector_59
                0x0000023e                __vector_18
                0x0000023e                __vector_97
                0x0000023e                __vector_20
                0x0000023e                __vector_42
                0x0000023e                __vector_87
                0x0000023e                __vector_65
                0x0000023e                __vector_120
 .text          0x00000242       0x4c debug.o
                0x00000242                debug_init
                0x00000270                debug_setErrorLED
 .text          0x0000028e       0xfa estop.o
                0x0000028e                estop_init
                0x000002cc                estop_check
                0x000002de                estop_killall
                0x000002f4                __vector_104
 .text          0x00000388       0x58 init.o
                0x00000388                init
                0x000003c6                init_all
 .text          0x000003e0      0x11c main.o
                0x000003e0                main
 .text          0x000004fc      0x2a4 motor.o
                0x000004fc                motor_init
                0x00000560                motor_setPWM
                0x0000066a                motor_allOff
                0x000006b4                motor_getPWM
                0x0000073e                motor_estop
                0x00000760                motor_tick
 .text          0x000007a0       0xe0 tick.o
                0x000007a0                tick_init
                0x000007ce                tick_resume
                0x000007e6                tick_suspend
                0x000007fc                __vector_114
 .text          0x00000880        0x0 c:/program files (x86)/atmel/avr studio 5.1/extensions/atmel/avrgcc/3.3.1.27/avrtoolchain/bin/../lib/gcc/avr/4.5.1/../../../../avr/lib/avrxmega7\libm.a(cmpsf2.o)
 .text          0x00000880        0x0 c:/program files (x86)/atmel/avr studio 5.1/extensions/atmel/avrgcc/3.3.1.27/avrtoolchain/bin/../lib/gcc/avr/4.5.1/../../../../avr/lib/avrxmega7\libm.a(fixunssfsi.o)
 .text          0x00000880        0x0 c:/program files (x86)/atmel/avr studio 5.1/extensions/atmel/avrgcc/3.3.1.27/avrtoolchain/bin/../lib/gcc/avr/4.5.1/../../../../avr/lib/avrxmega7\libm.a(fp_cmp.o)
 .text          0x00000880        0x0 c:/program files (x86)/atmel/avr studio 5.1/extensions/atmel/avrgcc/3.3.1.27/avrtoolchain/bin/../lib/gcc/avr/4.5.1/../../../../avr/lib/avrxmega7\libm.a(fp_split3.o)
 .text          0x00000880        0x0 c:/program files (x86)/atmel/avr studio 5.1/extensions/atmel/avrgcc/3.3.1.27/avrtoolchain/bin/../lib/gcc/avr/4.5.1/../../../../avr/lib/avrxmega7\libm.a(fp_zero.o)
 .text          0x00000880        0x0 c:/program files (x86)/atmel/avr studio 5.1/extensions/atmel/avrgcc/3.3.1.27/avrtoolchain/bin/../lib/gcc/avr/4.5.1/../../../../avr/lib/avrxmega7\libm.a(gesf2.o)
 .text          0x00000880        0x0 c:/program files (x86)/atmel/avr studio 5.1/extensions/atmel/avrgcc/3.3.1.27/avrtoolchain/bin/../lib/gcc/avr/4.5.1/../../../../avr/lib/avrxmega7\libm.a(mulsf3.o)
 .text          0x00000880        0x0 c:/program files (x86)/atmel/avr studio 5.1/extensions/atmel/avrgcc/3.3.1.27/avrtoolchain/bin/../lib/gcc/avr/4.5.1/../../../../avr/lib/avrxmega7\libm.a(mulsf3x.o)
 .text          0x00000880        0x0 c:/program files (x86)/atmel/avr studio 5.1/extensions/atmel/avrgcc/3.3.1.27/avrtoolchain/bin/../lib/gcc/avr/4.5.1/../../../../avr/lib/avrxmega7\libm.a(fp_inf.o)
 .text          0x00000880        0x0 c:/program files (x86)/atmel/avr studio 5.1/extensions/atmel/avrgcc/3.3.1.27/avrtoolchain/bin/../lib/gcc/avr/4.5.1/../../../../avr/lib/avrxmega7\libm.a(fp_nan.o)
 .text          0x00000880        0x0 c:/program files (x86)/atmel/avr studio 5.1/extensions/atmel/avrgcc/3.3.1.27/avrtoolchain/bin/../lib/gcc/avr/4.5.1/../../../../avr/lib/avrxmega7\libm.a(fp_pscA.o)
 .text          0x00000880        0x0 c:/program files (x86)/atmel/avr studio 5.1/extensions/atmel/avrgcc/3.3.1.27/avrtoolchain/bin/../lib/gcc/avr/4.5.1/../../../../avr/lib/avrxmega7\libm.a(fp_pscB.o)
 .text          0x00000880        0x0 c:/program files (x86)/atmel/avr studio 5.1/extensions/atmel/avrgcc/3.3.1.27/avrtoolchain/bin/../lib/gcc/avr/4.5.1/../../../../avr/lib/avrxmega7\libm.a(fp_round.o)
 .text          0x00000880        0x0 c:/program files (x86)/atmel/avr studio 5.1/extensions/atmel/avrgcc/3.3.1.27/avrtoolchain/bin/../lib/gcc/avr/4.5.1/avrxmega7\libgcc.a(_exit.o)
 .text          0x00000880        0x0 c:/program files (x86)/atmel/avr studio 5.1/extensions/atmel/avrgcc/3.3.1.27/avrtoolchain/bin/../lib/gcc/avr/4.5.1/avrxmega7\libgcc.a(_copy_data.o)
 .text          0x00000880        0x0 c:/program files (x86)/atmel/avr studio 5.1/extensions/atmel/avrgcc/3.3.1.27/avrtoolchain/bin/../lib/gcc/avr/4.5.1/avrxmega7\libgcc.a(_clear_bss.o)
                0x00000880                . = ALIGN (0x2)
 *(.text.*)
 .text.avr-libc.fplib
                0x00000880        0x8 c:/program files (x86)/atmel/avr studio 5.1/extensions/atmel/avrgcc/3.3.1.27/avrtoolchain/bin/../lib/gcc/avr/4.5.1/../../../../avr/lib/avrxmega7\libm.a(cmpsf2.o)
                0x00000880                __nesf2
                0x00000880                __eqsf2
                0x00000880                __cmpsf2
                0x00000880                __ltsf2
                0x00000880                __lesf2
 .text.avr-libc.fplib
                0x00000888       0x58 c:/program files (x86)/atmel/avr studio 5.1/extensions/atmel/avrgcc/3.3.1.27/avrtoolchain/bin/../lib/gcc/avr/4.5.1/../../../../avr/lib/avrxmega7\libm.a(fixunssfsi.o)
                0x00000888                __fixunssfsi
 .text.avr-libc.fplib
                0x000008e0       0x48 c:/program files (x86)/atmel/avr studio 5.1/extensions/atmel/avrgcc/3.3.1.27/avrtoolchain/bin/../lib/gcc/avr/4.5.1/../../../../avr/lib/avrxmega7\libm.a(fp_cmp.o)
                0x000008e0                __fp_cmp
 .text.avr-libc.fplib
                0x00000928       0x44 c:/program files (x86)/atmel/avr studio 5.1/extensions/atmel/avrgcc/3.3.1.27/avrtoolchain/bin/../lib/gcc/avr/4.5.1/../../../../avr/lib/avrxmega7\libm.a(fp_split3.o)
                0x00000928                __fp_split3
                0x00000938                __fp_splitA
 .text.avr-libc.fplib
                0x0000096c        0xe c:/program files (x86)/atmel/avr studio 5.1/extensions/atmel/avrgcc/3.3.1.27/avrtoolchain/bin/../lib/gcc/avr/4.5.1/../../../../avr/lib/avrxmega7\libm.a(fp_zero.o)
                0x0000096c                __fp_zero
                0x0000096e                __fp_szero
 .text.avr-libc.fplib
                0x0000097a        0x8 c:/program files (x86)/atmel/avr studio 5.1/extensions/atmel/avrgcc/3.3.1.27/avrtoolchain/bin/../lib/gcc/avr/4.5.1/../../../../avr/lib/avrxmega7\libm.a(gesf2.o)
                0x0000097a                __gesf2
                0x0000097a                __gtsf2
 .text.avr-libc.fplib
                0x00000982        0x4 c:/program files (x86)/atmel/avr studio 5.1/extensions/atmel/avrgcc/3.3.1.27/avrtoolchain/bin/../lib/gcc/avr/4.5.1/../../../../avr/lib/avrxmega7\libm.a(mulsf3.o)
                0x00000982                __mulsf3
 .text.avr-libc.fplib
                0x00000986       0xc2 c:/program files (x86)/atmel/avr studio 5.1/extensions/atmel/avrgcc/3.3.1.27/avrtoolchain/bin/../lib/gcc/avr/4.5.1/../../../../avr/lib/avrxmega7\libm.a(mulsf3x.o)
                0x0000099a                __mulsf3x
                0x0000099e                __mulsf3_pse
 .text.avr-libc.fplib
                0x00000a48        0xc c:/program files (x86)/atmel/avr studio 5.1/extensions/atmel/avrgcc/3.3.1.27/avrtoolchain/bin/../lib/gcc/avr/4.5.1/../../../../avr/lib/avrxmega7\libm.a(fp_inf.o)
                0x00000a48                __fp_inf
 .text.avr-libc.fplib
                0x00000a54        0x6 c:/program files (x86)/atmel/avr studio 5.1/extensions/atmel/avrgcc/3.3.1.27/avrtoolchain/bin/../lib/gcc/avr/4.5.1/../../../../avr/lib/avrxmega7\libm.a(fp_nan.o)
                0x00000a54                __fp_nan
 .text.avr-libc.fplib
                0x00000a5a        0xe c:/program files (x86)/atmel/avr studio 5.1/extensions/atmel/avrgcc/3.3.1.27/avrtoolchain/bin/../lib/gcc/avr/4.5.1/../../../../avr/lib/avrxmega7\libm.a(fp_pscA.o)
                0x00000a5a                __fp_pscA
 .text.avr-libc.fplib
                0x00000a68        0xe c:/program files (x86)/atmel/avr studio 5.1/extensions/atmel/avrgcc/3.3.1.27/avrtoolchain/bin/../lib/gcc/avr/4.5.1/../../../../avr/lib/avrxmega7\libm.a(fp_pscB.o)
                0x00000a68                __fp_pscB
 .text.avr-libc.fplib
                0x00000a76       0x22 c:/program files (x86)/atmel/avr studio 5.1/extensions/atmel/avrgcc/3.3.1.27/avrtoolchain/bin/../lib/gcc/avr/4.5.1/../../../../avr/lib/avrxmega7\libm.a(fp_round.o)
                0x00000a76                __fp_round
 .text.libgcc   0x00000a98        0x0 c:/program files (x86)/atmel/avr studio 5.1/extensions/atmel/avrgcc/3.3.1.27/avrtoolchain/bin/../lib/gcc/avr/4.5.1/avrxmega7\libgcc.a(_exit.o)
 .text.libgcc   0x00000a98        0x0 c:/program files (x86)/atmel/avr studio 5.1/extensions/atmel/avrgcc/3.3.1.27/avrtoolchain/bin/../lib/gcc/avr/4.5.1/avrxmega7\libgcc.a(_copy_data.o)
 .text.libgcc   0x00000a98        0x0 c:/program files (x86)/atmel/avr studio 5.1/extensions/atmel/avrgcc/3.3.1.27/avrtoolchain/bin/../lib/gcc/avr/4.5.1/avrxmega7\libgcc.a(_clear_bss.o)
                0x00000a98                . = ALIGN (0x2)
 *(.fini9)
 .fini9         0x00000a98        0x0 c:/program files (x86)/atmel/avr studio 5.1/extensions/atmel/avrgcc/3.3.1.27/avrtoolchain/bin/../lib/gcc/avr/4.5.1/avrxmega7\libgcc.a(_exit.o)
                0x00000a98                _exit
                0x00000a98                exit
 *(.fini9)
 *(.fini8)
 *(.fini8)
 *(.fini7)
 *(.fini7)
 *(.fini6)
 *(.fini6)
 *(.fini5)
 *(.fini5)
 *(.fini4)
 *(.fini4)
 *(.fini3)
 *(.fini3)
 *(.fini2)
 *(.fini2)
 *(.fini1)
 *(.fini1)
 *(.fini0)
 .fini0         0x00000a98        0x4 c:/program files (x86)/atmel/avr studio 5.1/extensions/atmel/avrgcc/3.3.1.27/avrtoolchain/bin/../lib/gcc/avr/4.5.1/avrxmega7\libgcc.a(_exit.o)
 *(.fini0)
                0x00000a9c                _etext = .

.data           0x00802000       0x1e load address 0x00000a9c
                0x00802000                PROVIDE (__data_start, .)
 *(.data)
 .data          0x00802000        0x0 c:/program files (x86)/atmel/avr studio 5.1/extensions/atmel/avrgcc/3.3.1.27/avrtoolchain/bin/../lib/gcc/avr/4.5.1/../../../../avr/lib/avrxmega7/crtx128a1.o
 .data          0x00802000        0x2 debug.o
 .data          0x00802002        0x4 estop.o
 .data          0x00802006        0x4 init.o
 .data          0x0080200a        0x4 main.o
 .data          0x0080200e        0xc motor.o
 .data          0x0080201a        0x4 tick.o
 .data          0x0080201e        0x0 c:/program files (x86)/atmel/avr studio 5.1/extensions/atmel/avrgcc/3.3.1.27/avrtoolchain/bin/../lib/gcc/avr/4.5.1/../../../../avr/lib/avrxmega7\libm.a(cmpsf2.o)
 .data          0x0080201e        0x0 c:/program files (x86)/atmel/avr studio 5.1/extensions/atmel/avrgcc/3.3.1.27/avrtoolchain/bin/../lib/gcc/avr/4.5.1/../../../../avr/lib/avrxmega7\libm.a(fixunssfsi.o)
 .data          0x0080201e        0x0 c:/program files (x86)/atmel/avr studio 5.1/extensions/atmel/avrgcc/3.3.1.27/avrtoolchain/bin/../lib/gcc/avr/4.5.1/../../../../avr/lib/avrxmega7\libm.a(fp_cmp.o)
 .data          0x0080201e        0x0 c:/program files (x86)/atmel/avr studio 5.1/extensions/atmel/avrgcc/3.3.1.27/avrtoolchain/bin/../lib/gcc/avr/4.5.1/../../../../avr/lib/avrxmega7\libm.a(fp_split3.o)
 .data          0x0080201e        0x0 c:/program files (x86)/atmel/avr studio 5.1/extensions/atmel/avrgcc/3.3.1.27/avrtoolchain/bin/../lib/gcc/avr/4.5.1/../../../../avr/lib/avrxmega7\libm.a(fp_zero.o)
 .data          0x0080201e        0x0 c:/program files (x86)/atmel/avr studio 5.1/extensions/atmel/avrgcc/3.3.1.27/avrtoolchain/bin/../lib/gcc/avr/4.5.1/../../../../avr/lib/avrxmega7\libm.a(gesf2.o)
 .data          0x0080201e        0x0 c:/program files (x86)/atmel/avr studio 5.1/extensions/atmel/avrgcc/3.3.1.27/avrtoolchain/bin/../lib/gcc/avr/4.5.1/../../../../avr/lib/avrxmega7\libm.a(mulsf3.o)
 .data          0x0080201e        0x0 c:/program files (x86)/atmel/avr studio 5.1/extensions/atmel/avrgcc/3.3.1.27/avrtoolchain/bin/../lib/gcc/avr/4.5.1/../../../../avr/lib/avrxmega7\libm.a(mulsf3x.o)
 .data          0x0080201e        0x0 c:/program files (x86)/atmel/avr studio 5.1/extensions/atmel/avrgcc/3.3.1.27/avrtoolchain/bin/../lib/gcc/avr/4.5.1/../../../../avr/lib/avrxmega7\libm.a(fp_inf.o)
 .data          0x0080201e        0x0 c:/program files (x86)/atmel/avr studio 5.1/extensions/atmel/avrgcc/3.3.1.27/avrtoolchain/bin/../lib/gcc/avr/4.5.1/../../../../avr/lib/avrxmega7\libm.a(fp_nan.o)
 .data          0x0080201e        0x0 c:/program files (x86)/atmel/avr studio 5.1/extensions/atmel/avrgcc/3.3.1.27/avrtoolchain/bin/../lib/gcc/avr/4.5.1/../../../../avr/lib/avrxmega7\libm.a(fp_pscA.o)
 .data          0x0080201e        0x0 c:/program files (x86)/atmel/avr studio 5.1/extensions/atmel/avrgcc/3.3.1.27/avrtoolchain/bin/../lib/gcc/avr/4.5.1/../../../../avr/lib/avrxmega7\libm.a(fp_pscB.o)
 .data          0x0080201e        0x0 c:/program files (x86)/atmel/avr studio 5.1/extensions/atmel/avrgcc/3.3.1.27/avrtoolchain/bin/../lib/gcc/avr/4.5.1/../../../../avr/lib/avrxmega7\libm.a(fp_round.o)
 .data          0x0080201e        0x0 c:/program files (x86)/atmel/avr studio 5.1/extensions/atmel/avrgcc/3.3.1.27/avrtoolchain/bin/../lib/gcc/avr/4.5.1/avrxmega7\libgcc.a(_exit.o)
 .data          0x0080201e        0x0 c:/program files (x86)/atmel/avr studio 5.1/extensions/atmel/avrgcc/3.3.1.27/avrtoolchain/bin/../lib/gcc/avr/4.5.1/avrxmega7\libgcc.a(_copy_data.o)
 .data          0x0080201e        0x0 c:/program files (x86)/atmel/avr studio 5.1/extensions/atmel/avrgcc/3.3.1.27/avrtoolchain/bin/../lib/gcc/avr/4.5.1/avrxmega7\libgcc.a(_clear_bss.o)
 *(.data*)
 *(.rodata)
 *(.rodata*)
 *(.gnu.linkonce.d*)
                0x0080201e                . = ALIGN (0x2)
                0x0080201e                _edata = .
                0x0080201e                PROVIDE (__data_end, .)

.bss            0x0080201e        0x1
                0x0080201e                PROVIDE (__bss_start, .)
 *(.bss)
 .bss           0x0080201e        0x0 c:/program files (x86)/atmel/avr studio 5.1/extensions/atmel/avrgcc/3.3.1.27/avrtoolchain/bin/../lib/gcc/avr/4.5.1/../../../../avr/lib/avrxmega7/crtx128a1.o
 .bss           0x0080201e        0x0 debug.o
 .bss           0x0080201e        0x1 estop.o
 .bss           0x0080201f        0x0 init.o
 .bss           0x0080201f        0x0 main.o
 .bss           0x0080201f        0x0 motor.o
 .bss           0x0080201f        0x0 tick.o
 .bss           0x0080201f        0x0 c:/program files (x86)/atmel/avr studio 5.1/extensions/atmel/avrgcc/3.3.1.27/avrtoolchain/bin/../lib/gcc/avr/4.5.1/../../../../avr/lib/avrxmega7\libm.a(cmpsf2.o)
 .bss           0x0080201f        0x0 c:/program files (x86)/atmel/avr studio 5.1/extensions/atmel/avrgcc/3.3.1.27/avrtoolchain/bin/../lib/gcc/avr/4.5.1/../../../../avr/lib/avrxmega7\libm.a(fixunssfsi.o)
 .bss           0x0080201f        0x0 c:/program files (x86)/atmel/avr studio 5.1/extensions/atmel/avrgcc/3.3.1.27/avrtoolchain/bin/../lib/gcc/avr/4.5.1/../../../../avr/lib/avrxmega7\libm.a(fp_cmp.o)
 .bss           0x0080201f        0x0 c:/program files (x86)/atmel/avr studio 5.1/extensions/atmel/avrgcc/3.3.1.27/avrtoolchain/bin/../lib/gcc/avr/4.5.1/../../../../avr/lib/avrxmega7\libm.a(fp_split3.o)
 .bss           0x0080201f        0x0 c:/program files (x86)/atmel/avr studio 5.1/extensions/atmel/avrgcc/3.3.1.27/avrtoolchain/bin/../lib/gcc/avr/4.5.1/../../../../avr/lib/avrxmega7\libm.a(fp_zero.o)
 .bss           0x0080201f        0x0 c:/program files (x86)/atmel/avr studio 5.1/extensions/atmel/avrgcc/3.3.1.27/avrtoolchain/bin/../lib/gcc/avr/4.5.1/../../../../avr/lib/avrxmega7\libm.a(gesf2.o)
 .bss           0x0080201f        0x0 c:/program files (x86)/atmel/avr studio 5.1/extensions/atmel/avrgcc/3.3.1.27/avrtoolchain/bin/../lib/gcc/avr/4.5.1/../../../../avr/lib/avrxmega7\libm.a(mulsf3.o)
 .bss           0x0080201f        0x0 c:/program files (x86)/atmel/avr studio 5.1/extensions/atmel/avrgcc/3.3.1.27/avrtoolchain/bin/../lib/gcc/avr/4.5.1/../../../../avr/lib/avrxmega7\libm.a(mulsf3x.o)
 .bss           0x0080201f        0x0 c:/program files (x86)/atmel/avr studio 5.1/extensions/atmel/avrgcc/3.3.1.27/avrtoolchain/bin/../lib/gcc/avr/4.5.1/../../../../avr/lib/avrxmega7\libm.a(fp_inf.o)
 .bss           0x0080201f        0x0 c:/program files (x86)/atmel/avr studio 5.1/extensions/atmel/avrgcc/3.3.1.27/avrtoolchain/bin/../lib/gcc/avr/4.5.1/../../../../avr/lib/avrxmega7\libm.a(fp_nan.o)
 .bss           0x0080201f        0x0 c:/program files (x86)/atmel/avr studio 5.1/extensions/atmel/avrgcc/3.3.1.27/avrtoolchain/bin/../lib/gcc/avr/4.5.1/../../../../avr/lib/avrxmega7\libm.a(fp_pscA.o)
 .bss           0x0080201f        0x0 c:/program files (x86)/atmel/avr studio 5.1/extensions/atmel/avrgcc/3.3.1.27/avrtoolchain/bin/../lib/gcc/avr/4.5.1/../../../../avr/lib/avrxmega7\libm.a(fp_pscB.o)
 .bss           0x0080201f        0x0 c:/program files (x86)/atmel/avr studio 5.1/extensions/atmel/avrgcc/3.3.1.27/avrtoolchain/bin/../lib/gcc/avr/4.5.1/../../../../avr/lib/avrxmega7\libm.a(fp_round.o)
 .bss           0x0080201f        0x0 c:/program files (x86)/atmel/avr studio 5.1/extensions/atmel/avrgcc/3.3.1.27/avrtoolchain/bin/../lib/gcc/avr/4.5.1/avrxmega7\libgcc.a(_exit.o)
 .bss           0x0080201f        0x0 c:/program files (x86)/atmel/avr studio 5.1/extensions/atmel/avrgcc/3.3.1.27/avrtoolchain/bin/../lib/gcc/avr/4.5.1/avrxmega7\libgcc.a(_copy_data.o)
 .bss           0x0080201f        0x0 c:/program files (x86)/atmel/avr studio 5.1/extensions/atmel/avrgcc/3.3.1.27/avrtoolchain/bin/../lib/gcc/avr/4.5.1/avrxmega7\libgcc.a(_clear_bss.o)
 *(.bss*)
 *(COMMON)
                0x0080201f                PROVIDE (__bss_end, .)
                0x00000a9c                __data_load_start = LOADADDR (.data)
                0x00000aba                __data_load_end = (__data_load_start + SIZEOF (.data))

.noinit         0x0080201f        0x0
                0x0080201f                PROVIDE (__noinit_start, .)
 *(.noinit*)
                0x0080201f                PROVIDE (__noinit_end, .)
                0x0080201f                _end = .
                0x0080201f                PROVIDE (__heap_start, .)

.eeprom         0x00810000        0x0
 *(.eeprom*)
                0x00810000                __eeprom_end = .

.fuse
 *(.fuse)
 *(.lfuse)
 *(.hfuse)
 *(.efuse)

.lock
 *(.lock*)

.signature
 *(.signature*)

.stab           0x00000000     0x1680
 *(.stab)
 .stab          0x00000000      0x714 c:/program files (x86)/atmel/avr studio 5.1/extensions/atmel/avrgcc/3.3.1.27/avrtoolchain/bin/../lib/gcc/avr/4.5.1/../../../../avr/lib/avrxmega7/crtx128a1.o
 .stab          0x00000714       0x90 c:/program files (x86)/atmel/avr studio 5.1/extensions/atmel/avrgcc/3.3.1.27/avrtoolchain/bin/../lib/gcc/avr/4.5.1/../../../../avr/lib/avrxmega7\libm.a(cmpsf2.o)
                                 0x9c (size before relaxing)
 .stab          0x000007a4      0x240 c:/program files (x86)/atmel/avr studio 5.1/extensions/atmel/avrgcc/3.3.1.27/avrtoolchain/bin/../lib/gcc/avr/4.5.1/../../../../avr/lib/avrxmega7\libm.a(fixunssfsi.o)
                                0x24c (size before relaxing)
 .stab          0x000009e4      0x1e0 c:/program files (x86)/atmel/avr studio 5.1/extensions/atmel/avrgcc/3.3.1.27/avrtoolchain/bin/../lib/gcc/avr/4.5.1/../../../../avr/lib/avrxmega7\libm.a(fp_cmp.o)
                                0x1ec (size before relaxing)
 .stab          0x00000bc4      0x1d4 c:/program files (x86)/atmel/avr studio 5.1/extensions/atmel/avrgcc/3.3.1.27/avrtoolchain/bin/../lib/gcc/avr/4.5.1/../../../../avr/lib/avrxmega7\libm.a(fp_split3.o)
                                0x1e0 (size before relaxing)
 .stab          0x00000d98       0x90 c:/program files (x86)/atmel/avr studio 5.1/extensions/atmel/avrgcc/3.3.1.27/avrtoolchain/bin/../lib/gcc/avr/4.5.1/../../../../avr/lib/avrxmega7\libm.a(fp_zero.o)
                                 0x9c (size before relaxing)
 .stab          0x00000e28       0x6c c:/program files (x86)/atmel/avr studio 5.1/extensions/atmel/avrgcc/3.3.1.27/avrtoolchain/bin/../lib/gcc/avr/4.5.1/../../../../avr/lib/avrxmega7\libm.a(gesf2.o)
                                 0x78 (size before relaxing)
 .stab          0x00000e94       0x48 c:/program files (x86)/atmel/avr studio 5.1/extensions/atmel/avrgcc/3.3.1.27/avrtoolchain/bin/../lib/gcc/avr/4.5.1/../../../../avr/lib/avrxmega7\libm.a(mulsf3.o)
                                 0x54 (size before relaxing)
 .stab          0x00000edc      0x4d4 c:/program files (x86)/atmel/avr studio 5.1/extensions/atmel/avrgcc/3.3.1.27/avrtoolchain/bin/../lib/gcc/avr/4.5.1/../../../../avr/lib/avrxmega7\libm.a(mulsf3x.o)
                                0x4e0 (size before relaxing)
 .stab          0x000013b0       0x78 c:/program files (x86)/atmel/avr studio 5.1/extensions/atmel/avrgcc/3.3.1.27/avrtoolchain/bin/../lib/gcc/avr/4.5.1/../../../../avr/lib/avrxmega7\libm.a(fp_inf.o)
                                 0x84 (size before relaxing)
 .stab          0x00001428       0x54 c:/program files (x86)/atmel/avr studio 5.1/extensions/atmel/avrgcc/3.3.1.27/avrtoolchain/bin/../lib/gcc/avr/4.5.1/../../../../avr/lib/avrxmega7\libm.a(fp_nan.o)
                                 0x60 (size before relaxing)
 .stab          0x0000147c       0x84 c:/program files (x86)/atmel/avr studio 5.1/extensions/atmel/avrgcc/3.3.1.27/avrtoolchain/bin/../lib/gcc/avr/4.5.1/../../../../avr/lib/avrxmega7\libm.a(fp_pscA.o)
                                 0x90 (size before relaxing)
 .stab          0x00001500       0x84 c:/program files (x86)/atmel/avr studio 5.1/extensions/atmel/avrgcc/3.3.1.27/avrtoolchain/bin/../lib/gcc/avr/4.5.1/../../../../avr/lib/avrxmega7\libm.a(fp_pscB.o)
                                 0x90 (size before relaxing)
 .stab          0x00001584       0xfc c:/program files (x86)/atmel/avr studio 5.1/extensions/atmel/avrgcc/3.3.1.27/avrtoolchain/bin/../lib/gcc/avr/4.5.1/../../../../avr/lib/avrxmega7\libm.a(fp_round.o)
                                0x108 (size before relaxing)

.stabstr        0x00000000      0x618
 *(.stabstr)
 .stabstr       0x00000000      0x618 c:/program files (x86)/atmel/avr studio 5.1/extensions/atmel/avrgcc/3.3.1.27/avrtoolchain/bin/../lib/gcc/avr/4.5.1/../../../../avr/lib/avrxmega7/crtx128a1.o

.stab.excl
 *(.stab.excl)

.stab.exclstr
 *(.stab.exclstr)

.stab.index
 *(.stab.index)

.stab.indexstr
 *(.stab.indexstr)

.comment
 *(.comment)

.debug
 *(.debug)

.line
 *(.line)

.debug_srcinfo
 *(.debug_srcinfo)

.debug_sfnames
 *(.debug_sfnames)

.debug_aranges  0x00000000       0xc0
 *(.debug_aranges)
 .debug_aranges
                0x00000000       0x20 debug.o
 .debug_aranges
                0x00000020       0x20 estop.o
 .debug_aranges
                0x00000040       0x20 init.o
 .debug_aranges
                0x00000060       0x20 main.o
 .debug_aranges
                0x00000080       0x20 motor.o
 .debug_aranges
                0x000000a0       0x20 tick.o

.debug_pubnames
                0x00000000      0x193
 *(.debug_pubnames)
 .debug_pubnames
                0x00000000       0x37 debug.o
 .debug_pubnames
                0x00000037       0x54 estop.o
 .debug_pubnames
                0x0000008b       0x28 init.o
 .debug_pubnames
                0x000000b3       0x1b main.o
 .debug_pubnames
                0x000000ce       0x73 motor.o
 .debug_pubnames
                0x00000141       0x52 tick.o

.debug_info     0x00000000     0x18be
 *(.debug_info)
 .debug_info    0x00000000      0x222 debug.o
 .debug_info    0x00000222      0x346 estop.o
 .debug_info    0x00000568      0x11e init.o
 .debug_info    0x00000686      0x188 main.o
 .debug_info    0x0000080e      0xa2b motor.o
 .debug_info    0x00001239      0x685 tick.o
 *(.gnu.linkonce.wi.*)

.debug_abbrev   0x00000000      0x5d0
 *(.debug_abbrev)
 .debug_abbrev  0x00000000       0x94 debug.o
 .debug_abbrev  0x00000094      0x10e estop.o
 .debug_abbrev  0x000001a2       0x92 init.o
 .debug_abbrev  0x00000234       0xcc main.o
 .debug_abbrev  0x00000300      0x1a0 motor.o
 .debug_abbrev  0x000004a0      0x130 tick.o

.debug_line     0x00000000      0xc5c
 *(.debug_line)
 .debug_line    0x00000000      0x123 debug.o
 .debug_line    0x00000123      0x221 estop.o
 .debug_line    0x00000344      0x1e8 init.o
 .debug_line    0x0000052c      0x227 main.o
 .debug_line    0x00000753      0x309 motor.o
 .debug_line    0x00000a5c      0x200 tick.o

.debug_frame    0x00000000      0x190
 *(.debug_frame)
 .debug_frame   0x00000000       0x30 debug.o
 .debug_frame   0x00000030       0x50 estop.o
 .debug_frame   0x00000080       0x30 init.o
 .debug_frame   0x000000b0       0x20 main.o
 .debug_frame   0x000000d0       0x70 motor.o
 .debug_frame   0x00000140       0x50 tick.o

.debug_str      0x00000000      0x991
 *(.debug_str)
 .debug_str     0x00000000      0x181 debug.o
                                0x1b5 (size before relaxing)
 .debug_str     0x00000181      0x205 estop.o
                                0x395 (size before relaxing)
 .debug_str     0x00000386       0x36 init.o
                                0x11d (size before relaxing)
 .debug_str     0x000003bc       0x54 main.o
                                0x131 (size before relaxing)
 .debug_str     0x00000410      0x4fc motor.o
                                0x6c3 (size before relaxing)
 .debug_str     0x0000090c       0x85 tick.o
                                0x55d (size before relaxing)

.debug_loc
 *(.debug_loc)

.debug_macinfo
 *(.debug_macinfo)
OUTPUT(Instigator2012.elf elf32-avr)
LOAD linker stubs

.debug_pubtypes
                0x00000000      0x1f2
 .debug_pubtypes
                0x00000000       0x2d debug.o
 .debug_pubtypes
                0x0000002d       0x73 estop.o
 .debug_pubtypes
                0x000000a0       0x39 init.o
 .debug_pubtypes
                0x000000d9       0x2b main.o
 .debug_pubtypes
                0x00000104       0x8e motor.o
 .debug_pubtypes
                0x00000192       0x60 tick.o
